Archive member included to satisfy reference by file (symbol)

/opt/gcc-arm-none-eabi-10.3-2021.10/bin/../lib/gcc/arm-none-eabi/10.3.1/../../../../arm-none-eabi/lib/thumb/v7e-m+fp/hard/libc_nano.a(lib_a-errno.o)
                              build/debug/syscalls.o (__errno)
/opt/gcc-arm-none-eabi-10.3-2021.10/bin/../lib/gcc/arm-none-eabi/10.3.1/../../../../arm-none-eabi/lib/thumb/v7e-m+fp/hard/libc_nano.a(lib_a-exit.o)
                              /opt/gcc-arm-none-eabi-10.3-2021.10/bin/../lib/gcc/arm-none-eabi/10.3.1/../../../../arm-none-eabi/lib/thumb/v7e-m+fp/hard/crt0.o (exit)
/opt/gcc-arm-none-eabi-10.3-2021.10/bin/../lib/gcc/arm-none-eabi/10.3.1/../../../../arm-none-eabi/lib/thumb/v7e-m+fp/hard/libc_nano.a(lib_a-impure.o)
                              /opt/gcc-arm-none-eabi-10.3-2021.10/bin/../lib/gcc/arm-none-eabi/10.3.1/../../../../arm-none-eabi/lib/thumb/v7e-m+fp/hard/libc_nano.a(lib_a-exit.o) (_global_impure_ptr)
/opt/gcc-arm-none-eabi-10.3-2021.10/bin/../lib/gcc/arm-none-eabi/10.3.1/../../../../arm-none-eabi/lib/thumb/v7e-m+fp/hard/libc_nano.a(lib_a-init.o)
                              /opt/gcc-arm-none-eabi-10.3-2021.10/bin/../lib/gcc/arm-none-eabi/10.3.1/../../../../arm-none-eabi/lib/thumb/v7e-m+fp/hard/crt0.o (__libc_init_array)
/opt/gcc-arm-none-eabi-10.3-2021.10/bin/../lib/gcc/arm-none-eabi/10.3.1/../../../../arm-none-eabi/lib/thumb/v7e-m+fp/hard/libc_nano.a(lib_a-memset.o)
                              /opt/gcc-arm-none-eabi-10.3-2021.10/bin/../lib/gcc/arm-none-eabi/10.3.1/../../../../arm-none-eabi/lib/thumb/v7e-m+fp/hard/crt0.o (memset)
/opt/gcc-arm-none-eabi-10.3-2021.10/bin/../lib/gcc/arm-none-eabi/10.3.1/thumb/v7e-m+fp/hard/libgcc.a(_aeabi_uldivmod.o)
                              build/debug/stm32l4xx_hal_uart.o (__aeabi_uldivmod)
/opt/gcc-arm-none-eabi-10.3-2021.10/bin/../lib/gcc/arm-none-eabi/10.3.1/thumb/v7e-m+fp/hard/libgcc.a(_udivmoddi4.o)
                              /opt/gcc-arm-none-eabi-10.3-2021.10/bin/../lib/gcc/arm-none-eabi/10.3.1/thumb/v7e-m+fp/hard/libgcc.a(_aeabi_uldivmod.o) (__udivmoddi4)
/opt/gcc-arm-none-eabi-10.3-2021.10/bin/../lib/gcc/arm-none-eabi/10.3.1/thumb/v7e-m+fp/hard/libgcc.a(_dvmd_tls.o)
                              /opt/gcc-arm-none-eabi-10.3-2021.10/bin/../lib/gcc/arm-none-eabi/10.3.1/thumb/v7e-m+fp/hard/libgcc.a(_aeabi_uldivmod.o) (__aeabi_ldiv0)

Discarded input sections

 .text          0x0000000000000000        0x0 /opt/gcc-arm-none-eabi-10.3-2021.10/bin/../lib/gcc/arm-none-eabi/10.3.1/thumb/v7e-m+fp/hard/crti.o
 .data          0x0000000000000000        0x0 /opt/gcc-arm-none-eabi-10.3-2021.10/bin/../lib/gcc/arm-none-eabi/10.3.1/thumb/v7e-m+fp/hard/crti.o
 .bss           0x0000000000000000        0x0 /opt/gcc-arm-none-eabi-10.3-2021.10/bin/../lib/gcc/arm-none-eabi/10.3.1/thumb/v7e-m+fp/hard/crti.o
 .data          0x0000000000000000        0x4 /opt/gcc-arm-none-eabi-10.3-2021.10/bin/../lib/gcc/arm-none-eabi/10.3.1/thumb/v7e-m+fp/hard/crtbegin.o
 .rodata        0x0000000000000000       0x24 /opt/gcc-arm-none-eabi-10.3-2021.10/bin/../lib/gcc/arm-none-eabi/10.3.1/thumb/v7e-m+fp/hard/crtbegin.o
 .text          0x0000000000000000       0x7c /opt/gcc-arm-none-eabi-10.3-2021.10/bin/../lib/gcc/arm-none-eabi/10.3.1/../../../../arm-none-eabi/lib/thumb/v7e-m+fp/hard/crt0.o
 .data          0x0000000000000000        0x0 /opt/gcc-arm-none-eabi-10.3-2021.10/bin/../lib/gcc/arm-none-eabi/10.3.1/../../../../arm-none-eabi/lib/thumb/v7e-m+fp/hard/crt0.o
 .bss           0x0000000000000000        0x0 /opt/gcc-arm-none-eabi-10.3-2021.10/bin/../lib/gcc/arm-none-eabi/10.3.1/../../../../arm-none-eabi/lib/thumb/v7e-m+fp/hard/crt0.o
 .ARM.extab     0x0000000000000000        0x0 /opt/gcc-arm-none-eabi-10.3-2021.10/bin/../lib/gcc/arm-none-eabi/10.3.1/../../../../arm-none-eabi/lib/thumb/v7e-m+fp/hard/crt0.o
 .ARM.exidx     0x0000000000000000       0x10 /opt/gcc-arm-none-eabi-10.3-2021.10/bin/../lib/gcc/arm-none-eabi/10.3.1/../../../../arm-none-eabi/lib/thumb/v7e-m+fp/hard/crt0.o
 .ARM.attributes
                0x0000000000000000       0x1c /opt/gcc-arm-none-eabi-10.3-2021.10/bin/../lib/gcc/arm-none-eabi/10.3.1/../../../../arm-none-eabi/lib/thumb/v7e-m+fp/hard/crt0.o
 .text          0x0000000000000000        0x0 build/debug/main.o
 .data          0x0000000000000000        0x0 build/debug/main.o
 .bss           0x0000000000000000        0x0 build/debug/main.o
 .text          0x0000000000000000        0x0 build/debug/stm32l4xx_hal.o
 .data          0x0000000000000000        0x0 build/debug/stm32l4xx_hal.o
 .bss           0x0000000000000000        0x0 build/debug/stm32l4xx_hal.o
 .text.HAL_MspInit
                0x0000000000000000        0x2 build/debug/stm32l4xx_hal.o
 .text.HAL_MspDeInit
                0x0000000000000000        0x2 build/debug/stm32l4xx_hal.o
 .text.HAL_DeInit
                0x0000000000000000       0x30 build/debug/stm32l4xx_hal.o
 .text.HAL_GetTickPrio
                0x0000000000000000        0xc build/debug/stm32l4xx_hal.o
 .text.HAL_SetTickFreq
[...]
Memory Configuration

Name             Origin             Length             Attributes
RAM              0x0000000020000000 0x0000000000030000 xrw
RAM2             0x0000000010000000 0x0000000000010000 xrw
RAM3             0x0000000020040000 0x0000000000060000 xrw
FLASH            0x0000000008000000 0x0000000000200000 xr
*default*        0x0000000000000000 0xffffffffffffffff

Linker script and memory map

LOAD /opt/gcc-arm-none-eabi-10.3-2021.10/bin/../lib/gcc/arm-none-eabi/10.3.1/thumb/v7e-m+fp/hard/crti.o
LOAD /opt/gcc-arm-none-eabi-10.3-2021.10/bin/../lib/gcc/arm-none-eabi/10.3.1/thumb/v7e-m+fp/hard/crtbegin.o
LOAD /opt/gcc-arm-none-eabi-10.3-2021.10/bin/../lib/gcc/arm-none-eabi/10.3.1/../../../../arm-none-eabi/lib/thumb/v7e-m+fp/hard/crt0.o
LOAD build/debug/main.o
LOAD build/debug/stm32l4xx_hal.o
LOAD build/debug/stm32l4xx_hal_cortex.o
LOAD build/debug/stm32l4xx_hal_dma.o
LOAD build/debug/stm32l4xx_hal_dma_ex.o
LOAD build/debug/stm32l4xx_hal_exti.o
LOAD build/debug/stm32l4xx_hal_flash.o
LOAD build/debug/stm32l4xx_hal_flash_ex.o
LOAD build/debug/stm32l4xx_hal_flash_ramfunc.o
LOAD build/debug/stm32l4xx_hal_gpio.o
LOAD build/debug/stm32l4xx_hal_i2c.o
LOAD build/debug/stm32l4xx_hal_i2c_ex.o
LOAD build/debug/stm32l4xx_hal_msp.o
LOAD build/debug/stm32l4xx_hal_pcd.o
LOAD build/debug/stm32l4xx_hal_pcd_ex.o
LOAD build/debug/stm32l4xx_hal_pwr.o
LOAD build/debug/stm32l4xx_hal_pwr_ex.o
LOAD build/debug/stm32l4xx_hal_rcc.o
LOAD build/debug/stm32l4xx_hal_rcc_ex.o
LOAD build/debug/stm32l4xx_hal_uart.o
LOAD build/debug/stm32l4xx_hal_uart_ex.o
LOAD build/debug/stm32l4xx_it.o
LOAD build/debug/stm32l4xx_ll_usb.o
LOAD build/debug/syscalls.o
LOAD build/debug/sysmem.o
LOAD build/debug/system_stm32l4xx.o
LOAD build/debug/startup_stm32l4r5xx.o
LOAD /opt/gcc-arm-none-eabi-10.3-2021.10/bin/../lib/gcc/arm-none-eabi/10.3.1/../../../../arm-none-eabi/lib/thumb/v7e-m+fp/hard/libc_nano.a
LOAD /opt/gcc-arm-none-eabi-10.3-2021.10/bin/../lib/gcc/arm-none-eabi/10.3.1/../../../../arm-none-eabi/lib/thumb/v7e-m+fp/hard/libm.a
LOAD /opt/gcc-arm-none-eabi-10.3-2021.10/bin/../lib/gcc/arm-none-eabi/10.3.1/../../../../arm-none-eabi/lib/thumb/v7e-m+fp/hard/libnosys.a
START GROUP
LOAD /opt/gcc-arm-none-eabi-10.3-2021.10/bin/../lib/gcc/arm-none-eabi/10.3.1/thumb/v7e-m+fp/hard/libgcc.a
LOAD /opt/gcc-arm-none-eabi-10.3-2021.10/bin/../lib/gcc/arm-none-eabi/10.3.1/../../../../arm-none-eabi/lib/thumb/v7e-m+fp/hard/libc_nano.a
END GROUP
START GROUP
LOAD /opt/gcc-arm-none-eabi-10.3-2021.10/bin/../lib/gcc/arm-none-eabi/10.3.1/thumb/v7e-m+fp/hard/libgcc.a
LOAD /opt/gcc-arm-none-eabi-10.3-2021.10/bin/../lib/gcc/arm-none-eabi/10.3.1/../../../../arm-none-eabi/lib/thumb/v7e-m+fp/hard/libc_nano.a
END GROUP
LOAD /opt/gcc-arm-none-eabi-10.3-2021.10/bin/../lib/gcc/arm-none-eabi/10.3.1/thumb/v7e-m+fp/hard/crtend.o
LOAD /opt/gcc-arm-none-eabi-10.3-2021.10/bin/../lib/gcc/arm-none-eabi/10.3.1/thumb/v7e-m+fp/hard/crtn.o
                0x0000000020030000                _estack = (ORIGIN (RAM) + LENGTH (RAM))
                0x0000000000000200                _Min_Heap_Size = 0x200
                0x0000000000000400                _Min_Stack_Size = 0x400

.isr_vector     0x0000000008000000      0x1c0
                0x0000000008000000                . = ALIGN (0x8)
 *(.isr_vector)
 .isr_vector    0x0000000008000000      0x1bc build/debug/startup_stm32l4r5xx.o
                0x0000000008000000                g_pfnVectors
                0x00000000080001c0                . = ALIGN (0x8)
 *fill*         0x00000000080001bc        0x4 

.text           0x00000000080001c0     0x2ca0
                0x00000000080001c0                . = ALIGN (0x8)
 *(.text)
 .text          0x00000000080001c0       0x40 /opt/gcc-arm-none-eabi-10.3-2021.10/bin/../lib/gcc/arm-none-eabi/10.3.1/thumb/v7e-m+fp/hard/crtbegin.o
 .text          0x0000000008000200       0x30 /opt/gcc-arm-none-eabi-10.3-2021.10/bin/../lib/gcc/arm-none-eabi/10.3.1/thumb/v7e-m+fp/hard/libgcc.a(_aeabi_uldivmod.o)
                0x0000000008000200                __aeabi_uldivmod
 .text          0x0000000008000230      0x2d0 /opt/gcc-arm-none-eabi-10.3-2021.10/bin/../lib/gcc/arm-none-eabi/10.3.1/thumb/v7e-m+fp/hard/libgcc.a(_udivmoddi4.o)
                0x0000000008000230                __udivmoddi4
 .text          0x0000000008000500        0x4 /opt/gcc-arm-none-eabi-10.3-2021.10/bin/../lib/gcc/arm-none-eabi/10.3.1/thumb/v7e-m+fp/hard/libgcc.a(_dvmd_tls.o)
                0x0000000008000500                __aeabi_ldiv0
                0x0000000008000500                __aeabi_idiv0
 *(.text*)
 .text.MX_GPIO_Init
                0x0000000008000504      0x100 build/debug/main.o
 .text.Error_Handler
                0x0000000008000604        0x4 build/debug/main.o
                0x0000000008000604                Error_Handler
 .text.MX_LPUART1_UART_Init
                0x0000000008000608       0x60 build/debug/main.o
 .text.MX_USART3_UART_Init
                0x0000000008000668       0x60 build/debug/main.o
 .text.MX_USB_OTG_FS_PCD_Init
                0x00000000080006c8       0x34 build/debug/main.o
 .text.SystemClock_Config
                0x00000000080006fc       0x7c build/debug/main.o
                0x00000000080006fc                SystemClock_Config
 .text.main     0x0000000008000778       0x48 build/debug/main.o
                0x0000000008000778                main
 .text.HAL_InitTick
                0x00000000080007c0       0x50 build/debug/stm32l4xx_hal.o
                0x00000000080007c0                HAL_InitTick
 .text.HAL_Init
                0x0000000008000810       0x1e build/debug/stm32l4xx_hal.o
                0x0000000008000810                HAL_Init
 *fill*         0x000000000800082e        0x2 
 .text.HAL_IncTick
                0x0000000008000830       0x18 build/debug/stm32l4xx_hal.o
                0x0000000008000830                HAL_IncTick
 .text.HAL_GetTick
                0x0000000008000848        0xc build/debug/stm32l4xx_hal.o
                0x0000000008000848                HAL_GetTick
 .text.HAL_Delay
                0x0000000008000854       0x28 build/debug/stm32l4xx_hal.o
                0x0000000008000854                HAL_Delay
 .text.HAL_NVIC_SetPriorityGrouping
                0x000000000800087c       0x24 build/debug/stm32l4xx_hal_cortex.o
                0x000000000800087c                HAL_NVIC_SetPriorityGrouping
 .text.HAL_NVIC_SetPriority
                0x00000000080008a0       0x70 build/debug/stm32l4xx_hal_cortex.o
                0x00000000080008a0                HAL_NVIC_SetPriority
 .text.HAL_SYSTICK_Config
                0x0000000008000910       0x28 build/debug/stm32l4xx_hal_cortex.o
                0x0000000008000910                HAL_SYSTICK_Config
 .text.HAL_GPIO_Init
                0x0000000008000938      0x1f0 build/debug/stm32l4xx_hal_gpio.o
                0x0000000008000938                HAL_GPIO_Init
 .text.HAL_GPIO_WritePin
                0x0000000008000b28        0xa build/debug/stm32l4xx_hal_gpio.o
                0x0000000008000b28                HAL_GPIO_WritePin
 .text.HAL_GPIO_TogglePin
                0x0000000008000b32       0x12 build/debug/stm32l4xx_hal_gpio.o
                0x0000000008000b32                HAL_GPIO_TogglePin
 .text.HAL_MspInit
                0x0000000008000b44       0x30 build/debug/stm32l4xx_hal_msp.o
                0x0000000008000b44                HAL_MspInit
 .text.HAL_UART_MspInit
                0x0000000008000b74       0xf4 build/debug/stm32l4xx_hal_msp.o
                0x0000000008000b74                HAL_UART_MspInit
 .text.HAL_PCD_MspInit
                0x0000000008000c68       0xc8 build/debug/stm32l4xx_hal_msp.o
                0x0000000008000c68                HAL_PCD_MspInit
 .text.HAL_PCD_Init
                0x0000000008000d30      0x106 build/debug/stm32l4xx_hal_pcd.o
                0x0000000008000d30                HAL_PCD_Init
 .text.HAL_PCDEx_ActivateLPM
                0x0000000008000e36       0x26 build/debug/stm32l4xx_hal_pcd_ex.o
                0x0000000008000e36                HAL_PCDEx_ActivateLPM
 .text.HAL_PWREx_GetVoltageRange
                0x0000000008000e5c       0x24 build/debug/stm32l4xx_hal_pwr_ex.o
                0x0000000008000e5c                HAL_PWREx_GetVoltageRange
 .text.HAL_PWREx_ControlVoltageScaling
                0x0000000008000e80      0x10c build/debug/stm32l4xx_hal_pwr_ex.o
                0x0000000008000e80                HAL_PWREx_ControlVoltageScaling
 .text.HAL_PWREx_EnableVddUSB
                0x0000000008000f8c       0x10 build/debug/stm32l4xx_hal_pwr_ex.o
                0x0000000008000f8c                HAL_PWREx_EnableVddUSB
 .text.HAL_PWREx_EnableVddIO2
                0x0000000008000f9c       0x10 build/debug/stm32l4xx_hal_pwr_ex.o
                0x0000000008000f9c                HAL_PWREx_EnableVddIO2
 .text.RCC_GetSysClockFreqFromPLLSource
                0x0000000008000fac       0x7c build/debug/stm32l4xx_hal_rcc.o
 .text.RCC_SetFlashLatencyFromMSIRange
                0x0000000008001028       0x8c build/debug/stm32l4xx_hal_rcc.o
 .text.HAL_RCC_GetSysClockFreq
                0x00000000080010b4       0xb4 build/debug/stm32l4xx_hal_rcc.o
                0x00000000080010b4                HAL_RCC_GetSysClockFreq
 .text.HAL_RCC_OscConfig
                0x0000000008001168      0x67c build/debug/stm32l4xx_hal_rcc.o
                0x0000000008001168                HAL_RCC_OscConfig
 .text.HAL_RCC_ClockConfig
                0x00000000080017e4      0x204 build/debug/stm32l4xx_hal_rcc.o
                0x00000000080017e4                HAL_RCC_ClockConfig
 .text.HAL_RCC_GetHCLKFreq
                0x00000000080019e8        0xc build/debug/stm32l4xx_hal_rcc.o
                0x00000000080019e8                HAL_RCC_GetHCLKFreq
 .text.HAL_RCC_GetPCLK1Freq
                0x00000000080019f4       0x24 build/debug/stm32l4xx_hal_rcc.o
                0x00000000080019f4                HAL_RCC_GetPCLK1Freq
 .text.HAL_RCC_GetPCLK2Freq
                0x0000000008001a18       0x24 build/debug/stm32l4xx_hal_rcc.o
                0x0000000008001a18                HAL_RCC_GetPCLK2Freq
 .text.RCCEx_PLLSAI2_Config
                0x0000000008001a3c      0x168 build/debug/stm32l4xx_hal_rcc_ex.o
 .text.RCCEx_PLLSAI1_Config
                0x0000000008001ba4      0x168 build/debug/stm32l4xx_hal_rcc_ex.o
 .text.HAL_RCCEx_PeriphCLKConfig
                0x0000000008001d0c      0x4dc build/debug/stm32l4xx_hal_rcc_ex.o
                0x0000000008001d0c                HAL_RCCEx_PeriphCLKConfig
 .text.UART_EndRxTransfer
                0x00000000080021e8       0x56 build/debug/stm32l4xx_hal_uart.o
 *fill*         0x000000000800223e        0x2 
 .text.UART_SetConfig
                0x0000000008002240      0x388 build/debug/stm32l4xx_hal_uart.o
                0x0000000008002240                UART_SetConfig
 .text.UART_AdvFeatureConfig
                0x00000000080025c8       0xca build/debug/stm32l4xx_hal_uart.o
                0x00000000080025c8                UART_AdvFeatureConfig
 .text.UART_WaitOnFlagUntilTimeout
                0x0000000008002692       0xa2 build/debug/stm32l4xx_hal_uart.o
                0x0000000008002692                UART_WaitOnFlagUntilTimeout
 .text.HAL_UART_Transmit
                0x0000000008002734       0xd2 build/debug/stm32l4xx_hal_uart.o
                0x0000000008002734                HAL_UART_Transmit
 .text.UART_CheckIdleState
                0x0000000008002806       0xca build/debug/stm32l4xx_hal_uart.o
                0x0000000008002806                UART_CheckIdleState
 .text.HAL_UART_Init
                0x00000000080028d0       0x66 build/debug/stm32l4xx_hal_uart.o
                0x00000000080028d0                HAL_UART_Init
 *fill*         0x0000000008002936        0x2 
 .text.UARTEx_SetNbDataToProcess
                0x0000000008002938       0x4c build/debug/stm32l4xx_hal_uart_ex.o
 .text.HAL_UARTEx_DisableFifoMode
                0x0000000008002984       0x3e build/debug/stm32l4xx_hal_uart_ex.o
                0x0000000008002984                HAL_UARTEx_DisableFifoMode
 .text.HAL_UARTEx_SetTxFifoThreshold
                0x00000000080029c2       0x4a build/debug/stm32l4xx_hal_uart_ex.o
                0x00000000080029c2                HAL_UARTEx_SetTxFifoThreshold
 .text.HAL_UARTEx_SetRxFifoThreshold
                0x0000000008002a0c       0x4a build/debug/stm32l4xx_hal_uart_ex.o
                0x0000000008002a0c                HAL_UARTEx_SetRxFifoThreshold
 .text.NMI_Handler
                0x0000000008002a56        0x2 build/debug/stm32l4xx_it.o
                0x0000000008002a56                NMI_Handler
 .text.HardFault_Handler
                0x0000000008002a58        0x2 build/debug/stm32l4xx_it.o
                0x0000000008002a58                HardFault_Handler
 .text.MemManage_Handler
                0x0000000008002a5a        0x2 build/debug/stm32l4xx_it.o
                0x0000000008002a5a                MemManage_Handler
 .text.BusFault_Handler
                0x0000000008002a5c        0x2 build/debug/stm32l4xx_it.o
                0x0000000008002a5c                BusFault_Handler
 .text.UsageFault_Handler
                0x0000000008002a5e        0x2 build/debug/stm32l4xx_it.o
                0x0000000008002a5e                UsageFault_Handler
 .text.SVC_Handler
                0x0000000008002a60        0x2 build/debug/stm32l4xx_it.o
                0x0000000008002a60                SVC_Handler
 .text.DebugMon_Handler
                0x0000000008002a62        0x2 build/debug/stm32l4xx_it.o
                0x0000000008002a62                DebugMon_Handler
 .text.PendSV_Handler
                0x0000000008002a64        0x2 build/debug/stm32l4xx_it.o
                0x0000000008002a64                PendSV_Handler
 .text.SysTick_Handler
                0x0000000008002a66        0x8 build/debug/stm32l4xx_it.o
                0x0000000008002a66                SysTick_Handler
 .text.USB_CoreReset
                0x0000000008002a6e       0x4a build/debug/stm32l4xx_ll_usb.o
 .text.USB_CoreInit
                0x0000000008002ab8       0x3a build/debug/stm32l4xx_ll_usb.o
                0x0000000008002ab8                USB_CoreInit
 .text.USB_DisableGlobalInt
                0x0000000008002af2        0xc build/debug/stm32l4xx_ll_usb.o
                0x0000000008002af2                USB_DisableGlobalInt
 .text.USB_FlushTxFifo
                0x0000000008002afe       0x4a build/debug/stm32l4xx_ll_usb.o
                0x0000000008002afe                USB_FlushTxFifo
 .text.USB_FlushRxFifo
                0x0000000008002b48       0x46 build/debug/stm32l4xx_ll_usb.o
                0x0000000008002b48                USB_FlushRxFifo
 .text.USB_SetDevSpeed
                0x0000000008002b8e        0xe build/debug/stm32l4xx_ll_usb.o
                0x0000000008002b8e                USB_SetDevSpeed
 .text.USB_DevInit
                0x0000000008002b9c      0x164 build/debug/stm32l4xx_ll_usb.o
                0x0000000008002b9c                USB_DevInit
 .text.USB_DevDisconnect
                0x0000000008002d00       0x1c build/debug/stm32l4xx_ll_usb.o
                0x0000000008002d00                USB_DevDisconnect
 .text.USB_GetMode
                0x0000000008002d1c        0x8 build/debug/stm32l4xx_ll_usb.o
                0x0000000008002d1c                USB_GetMode
 .text.USB_SetCurrentMode
                0x0000000008002d24       0x62 build/debug/stm32l4xx_ll_usb.o
                0x0000000008002d24                USB_SetCurrentMode
 *fill*         0x0000000008002d86        0x2 
 .text.SystemInit
                0x0000000008002d88       0x14 build/debug/system_stm32l4xx.o
                0x0000000008002d88                SystemInit
 .text.Reset_Handler
                0x0000000008002d9c       0x50 build/debug/startup_stm32l4r5xx.o
                0x0000000008002d9c                Reset_Handler
 .text.Default_Handler
                0x0000000008002dec        0x2 build/debug/startup_stm32l4r5xx.o
                0x0000000008002dec                RTC_Alarm_IRQHandler
                0x0000000008002dec                EXTI2_IRQHandler
                0x0000000008002dec                TIM8_TRG_COM_IRQHandler
                0x0000000008002dec                TIM8_CC_IRQHandler
                0x0000000008002dec                TIM1_CC_IRQHandler
                0x0000000008002dec                TSC_IRQHandler
                0x0000000008002dec                TAMP_STAMP_IRQHandler
                0x0000000008002dec                EXTI3_IRQHandler
                0x0000000008002dec                LPTIM2_IRQHandler
                0x0000000008002dec                DFSDM1_FLT1_IRQHandler
                0x0000000008002dec                GFXMMU_IRQHandler
                0x0000000008002dec                I2C3_ER_IRQHandler
                0x0000000008002dec                DFSDM1_FLT2_IRQHandler
                0x0000000008002dec                EXTI0_IRQHandler
                0x0000000008002dec                I2C2_EV_IRQHandler
                0x0000000008002dec                CAN1_RX0_IRQHandler
                0x0000000008002dec                FPU_IRQHandler
                0x0000000008002dec                TIM1_UP_TIM16_IRQHandler
                0x0000000008002dec                LTDC_ER_IRQHandler
                0x0000000008002dec                SPI1_IRQHandler
                0x0000000008002dec                OCTOSPI1_IRQHandler
                0x0000000008002dec                TIM6_DAC_IRQHandler
                0x0000000008002dec                DCMI_IRQHandler
                0x0000000008002dec                TIM8_UP_IRQHandler
                0x0000000008002dec                OCTOSPI2_IRQHandler
                0x0000000008002dec                DMA2_Channel2_IRQHandler
                0x0000000008002dec                DMA1_Channel4_IRQHandler
                0x0000000008002dec                SAI2_IRQHandler
                0x0000000008002dec                ADC1_IRQHandler
                0x0000000008002dec                DFSDM1_FLT3_IRQHandler
                0x0000000008002dec                USART3_IRQHandler
                0x0000000008002dec                DMA1_Channel7_IRQHandler
                0x0000000008002dec                CAN1_RX1_IRQHandler
                0x0000000008002dec                UART5_IRQHandler
                0x0000000008002dec                TIM4_IRQHandler
                0x0000000008002dec                DMA2_Channel1_IRQHandler
                0x0000000008002dec                I2C1_EV_IRQHandler
                0x0000000008002dec                DMAMUX1_OVR_IRQHandler
                0x0000000008002dec                DMA1_Channel6_IRQHandler
                0x0000000008002dec                UART4_IRQHandler
                0x0000000008002dec                DMA2_Channel4_IRQHandler
                0x0000000008002dec                TIM3_IRQHandler
                0x0000000008002dec                RCC_IRQHandler
                0x0000000008002dec                DMA1_Channel1_IRQHandler
                0x0000000008002dec                Default_Handler
                0x0000000008002dec                DMA2_Channel7_IRQHandler
                0x0000000008002dec                EXTI15_10_IRQHandler
                0x0000000008002dec                TIM7_IRQHandler
                0x0000000008002dec                SDMMC1_IRQHandler
                0x0000000008002dec                TIM5_IRQHandler
                0x0000000008002dec                I2C3_EV_IRQHandler
                0x0000000008002dec                EXTI9_5_IRQHandler
                0x0000000008002dec                RTC_WKUP_IRQHandler
                0x0000000008002dec                LTDC_IRQHandler
                0x0000000008002dec                PVD_PVM_IRQHandler
                0x0000000008002dec                SPI2_IRQHandler
                0x0000000008002dec                CAN1_TX_IRQHandler
                0x0000000008002dec                DMA2_Channel5_IRQHandler
                0x0000000008002dec                CRS_IRQHandler
                0x0000000008002dec                DMA1_Channel5_IRQHandler
                0x0000000008002dec                EXTI4_IRQHandler
                0x0000000008002dec                RNG_IRQHandler
                0x0000000008002dec                TIM1_TRG_COM_TIM17_IRQHandler
                0x0000000008002dec                DMA1_Channel3_IRQHandler
                0x0000000008002dec                COMP_IRQHandler
                0x0000000008002dec                WWDG_IRQHandler
                0x0000000008002dec                I2C4_EV_IRQHandler
                0x0000000008002dec                LPUART1_IRQHandler
                0x0000000008002dec                DMA2_Channel6_IRQHandler
                0x0000000008002dec                TIM2_IRQHandler
                0x0000000008002dec                DMA2D_IRQHandler
                0x0000000008002dec                EXTI1_IRQHandler
                0x0000000008002dec                USART2_IRQHandler
                0x0000000008002dec                DFSDM1_FLT0_IRQHandler
                0x0000000008002dec                I2C2_ER_IRQHandler
                0x0000000008002dec                DMA1_Channel2_IRQHandler
                0x0000000008002dec                TIM8_BRK_IRQHandler
                0x0000000008002dec                CAN1_SCE_IRQHandler
                0x0000000008002dec                FLASH_IRQHandler
                0x0000000008002dec                USART1_IRQHandler
                0x0000000008002dec                OTG_FS_IRQHandler
                0x0000000008002dec                SPI3_IRQHandler
                0x0000000008002dec                I2C1_ER_IRQHandler
                0x0000000008002dec                FMC_IRQHandler
                0x0000000008002dec                LPTIM1_IRQHandler
                0x0000000008002dec                I2C4_ER_IRQHandler
                0x0000000008002dec                SAI1_IRQHandler
                0x0000000008002dec                DMA2_Channel3_IRQHandler
                0x0000000008002dec                TIM1_BRK_TIM15_IRQHandler
 *fill*         0x0000000008002dee        0x2 
 .text.__libc_init_array
                0x0000000008002df0       0x48 /opt/gcc-arm-none-eabi-10.3-2021.10/bin/../lib/gcc/arm-none-eabi/10.3.1/../../../../arm-none-eabi/lib/thumb/v7e-m+fp/hard/libc_nano.a(lib_a-init.o)
                0x0000000008002df0                __libc_init_array
 .text.memset   0x0000000008002e38       0x10 /opt/gcc-arm-none-eabi-10.3-2021.10/bin/../lib/gcc/arm-none-eabi/10.3.1/../../../../arm-none-eabi/lib/thumb/v7e-m+fp/hard/libc_nano.a(lib_a-memset.o)
                0x0000000008002e38                memset
 *(.glue_7)
 .glue_7        0x0000000008002e48        0x0 linker stubs
 *(.glue_7t)
 .glue_7t       0x0000000008002e48        0x0 linker stubs
 *(.eh_frame)
 .eh_frame      0x0000000008002e48        0x0 /opt/gcc-arm-none-eabi-10.3-2021.10/bin/../lib/gcc/arm-none-eabi/10.3.1/thumb/v7e-m+fp/hard/crtbegin.o
 *(.init)
 .init          0x0000000008002e48        0x4 /opt/gcc-arm-none-eabi-10.3-2021.10/bin/../lib/gcc/arm-none-eabi/10.3.1/thumb/v7e-m+fp/hard/crti.o
                0x0000000008002e48                _init
 .init          0x0000000008002e4c        0x8 /opt/gcc-arm-none-eabi-10.3-2021.10/bin/../lib/gcc/arm-none-eabi/10.3.1/thumb/v7e-m+fp/hard/crtn.o
 *(.fini)
 .fini          0x0000000008002e54        0x4 /opt/gcc-arm-none-eabi-10.3-2021.10/bin/../lib/gcc/arm-none-eabi/10.3.1/thumb/v7e-m+fp/hard/crti.o
                0x0000000008002e54                _fini
 .fini          0x0000000008002e58        0x8 /opt/gcc-arm-none-eabi-10.3-2021.10/bin/../lib/gcc/arm-none-eabi/10.3.1/thumb/v7e-m+fp/hard/crtn.o
                0x0000000008002e60                . = ALIGN (0x8)
                0x0000000008002e60                _etext = .

.vfp11_veneer   0x0000000008002e60        0x0
 .vfp11_veneer  0x0000000008002e60        0x0 linker stubs

.v4_bx          0x0000000008002e60        0x0
 .v4_bx         0x0000000008002e60        0x0 linker stubs

.iplt           0x0000000008002e60        0x0
 .iplt          0x0000000008002e60        0x0 /opt/gcc-arm-none-eabi-10.3-2021.10/bin/../lib/gcc/arm-none-eabi/10.3.1/thumb/v7e-m+fp/hard/crtbegin.o

.rodata         0x0000000008002e60       0x80
                0x0000000008002e60                . = ALIGN (0x8)
 *(.rodata)
 *(.rodata*)
 .rodata.main.str1.4
                0x0000000008002e60        0xd build/debug/main.o
 *fill*         0x0000000008002e6d        0x3 
 .rodata.UARTPrescTable
                0x0000000008002e70       0x18 build/debug/stm32l4xx_hal_uart.o
                0x0000000008002e70                UARTPrescTable
 .rodata.denominator.0
                0x0000000008002e88        0x8 build/debug/stm32l4xx_hal_uart_ex.o
 .rodata.numerator.1
                0x0000000008002e90        0x8 build/debug/stm32l4xx_hal_uart_ex.o
 .rodata.AHBPrescTable
                0x0000000008002e98       0x10 build/debug/system_stm32l4xx.o
                0x0000000008002e98                AHBPrescTable
 .rodata.APBPrescTable
                0x0000000008002ea8        0x8 build/debug/system_stm32l4xx.o
                0x0000000008002ea8                APBPrescTable
 .rodata.MSIRangeTable
                0x0000000008002eb0       0x30 build/debug/system_stm32l4xx.o
                0x0000000008002eb0                MSIRangeTable
                0x0000000008002ee0                . = ALIGN (0x8)

.ARM.extab      0x0000000008002ee0        0x0
                0x0000000008002ee0                . = ALIGN (0x8)
 *(.ARM.extab* .gnu.linkonce.armextab.*)
                0x0000000008002ee0                . = ALIGN (0x8)

.ARM            0x0000000008002ee0        0x8
                0x0000000008002ee0                . = ALIGN (0x8)
                0x0000000008002ee0                __exidx_start = .
 *(.ARM.exidx*)
 .ARM.exidx     0x0000000008002ee0        0x8 /opt/gcc-arm-none-eabi-10.3-2021.10/bin/../lib/gcc/arm-none-eabi/10.3.1/thumb/v7e-m+fp/hard/libgcc.a(_udivmoddi4.o)
                0x0000000008002ee8                __exidx_end = .
                0x0000000008002ee8                . = ALIGN (0x8)

.rel.dyn        0x0000000008002ee8        0x0
 .rel.iplt      0x0000000008002ee8        0x0 /opt/gcc-arm-none-eabi-10.3-2021.10/bin/../lib/gcc/arm-none-eabi/10.3.1/thumb/v7e-m+fp/hard/crtbegin.o

.preinit_array  0x0000000008002ee8        0x0
                0x0000000008002ee8                . = ALIGN (0x8)
                0x0000000008002ee8                PROVIDE (__preinit_array_start = .)
 *(.preinit_array*)
                0x0000000008002ee8                PROVIDE (__preinit_array_end = .)
                0x0000000008002ee8                . = ALIGN (0x8)

.init_array     0x0000000008002ee8        0x8
                0x0000000008002ee8                . = ALIGN (0x8)
                0x0000000008002ee8                PROVIDE (__init_array_start = .)
 *(SORT_BY_NAME(.init_array.*))
 *(.init_array*)
 .init_array    0x0000000008002ee8        0x4 /opt/gcc-arm-none-eabi-10.3-2021.10/bin/../lib/gcc/arm-none-eabi/10.3.1/thumb/v7e-m+fp/hard/crtbegin.o
                0x0000000008002eec                PROVIDE (__init_array_end = .)
                0x0000000008002ef0                . = ALIGN (0x8)
 *fill*         0x0000000008002eec        0x4 

.fini_array     0x0000000008002ef0        0x8
                0x0000000008002ef0                . = ALIGN (0x8)
                [!provide]                        PROVIDE (__fini_array_start = .)
 *(SORT_BY_NAME(.fini_array.*))
 *(.fini_array*)
 .fini_array    0x0000000008002ef0        0x4 /opt/gcc-arm-none-eabi-10.3-2021.10/bin/../lib/gcc/arm-none-eabi/10.3.1/thumb/v7e-m+fp/hard/crtbegin.o
                [!provide]                        PROVIDE (__fini_array_end = .)
                0x0000000008002ef8                . = ALIGN (0x8)
 *fill*         0x0000000008002ef4        0x4 
                0x0000000008002ef8                _sidata = LOADADDR (.data)

.data           0x0000000020000000       0x10 load address 0x0000000008002ef8
                0x0000000020000000                . = ALIGN (0x8)
                0x0000000020000000                _sdata = .
 *(.data)
 *(.data*)
 .data.uwTickFreq
                0x0000000020000000        0x1 build/debug/stm32l4xx_hal.o
                0x0000000020000000                uwTickFreq
 *fill*         0x0000000020000001        0x3 
 .data.uwTickPrio
                0x0000000020000004        0x4 build/debug/stm32l4xx_hal.o
                0x0000000020000004                uwTickPrio
 .data.SystemCoreClock
                0x0000000020000008        0x4 build/debug/system_stm32l4xx.o
                0x0000000020000008                SystemCoreClock
                0x0000000020000010                . = ALIGN (0x8)
 *fill*         0x000000002000000c        0x4 
                0x0000000020000010                _edata = .

.igot.plt       0x0000000020000010        0x0 load address 0x0000000008002f08
 .igot.plt      0x0000000020000010        0x0 /opt/gcc-arm-none-eabi-10.3-2021.10/bin/../lib/gcc/arm-none-eabi/10.3.1/thumb/v7e-m+fp/hard/crtbegin.o
                0x0000000020000010                . = ALIGN (0x4)

.bss            0x0000000020000010      0x62c load address 0x0000000008002f08
                0x0000000020000010                _sbss = .
                0x0000000020000010                __bss_start__ = _sbss
 *(.bss)
 .bss           0x0000000020000010       0x1c /opt/gcc-arm-none-eabi-10.3-2021.10/bin/../lib/gcc/arm-none-eabi/10.3.1/thumb/v7e-m+fp/hard/crtbegin.o
 *(.bss*)
 .bss.hlpuart1  0x000000002000002c       0x94 build/debug/main.o
                0x000000002000002c                hlpuart1
 .bss.hpcd_USB_OTG_FS
                0x00000000200000c0      0x4e4 build/debug/main.o
                0x00000000200000c0                hpcd_USB_OTG_FS
 .bss.huart3    0x00000000200005a4       0x94 build/debug/main.o
                0x00000000200005a4                huart3
 .bss.uwTick    0x0000000020000638        0x4 build/debug/stm32l4xx_hal.o
                0x0000000020000638                uwTick
 *(COMMON)
                0x000000002000063c                . = ALIGN (0x4)
                0x000000002000063c                _ebss = .
                0x000000002000063c                __bss_end__ = _ebss

._user_heap_stack
                0x000000002000063c      0x604 load address 0x0000000008002f08
                0x0000000020000640                . = ALIGN (0x8)
 *fill*         0x000000002000063c        0x4 
                [!provide]                        PROVIDE (end = .)
                0x0000000020000640                PROVIDE (_end = .)
                0x0000000020000840                . = (. + _Min_Heap_Size)
 *fill*         0x0000000020000640      0x200 
                0x0000000020000c40                . = (. + _Min_Stack_Size)
 *fill*         0x0000000020000840      0x400 
                0x0000000020000c40                . = ALIGN (0x8)

/DISCARD/
 libc.a(*)
 libm.a(*)
 libgcc.a(*)
OUTPUT(build/debug/Blinky.elf elf32-littlearm)
LOAD linker stubs
LOAD /opt/gcc-arm-none-eabi-10.3-2021.10/bin/../lib/gcc/arm-none-eabi/10.3.1/../../../../arm-none-eabi/lib/thumb/v7e-m+fp/hard/libc.a
LOAD /opt/gcc-arm-none-eabi-10.3-2021.10/bin/../lib/gcc/arm-none-eabi/10.3.1/../../../../arm-none-eabi/lib/thumb/v7e-m+fp/hard/libm.a
LOAD /opt/gcc-arm-none-eabi-10.3-2021.10/bin/../lib/gcc/arm-none-eabi/10.3.1/thumb/v7e-m+fp/hard/libgcc.a

.ARM.attributes
                0x0000000000000000       0x30
 .ARM.attributes
                0x0000000000000000       0x1e /opt/gcc-arm-none-eabi-10.3-2021.10/bin/../lib/gcc/arm-none-eabi/10.3.1/thumb/v7e-m+fp/hard/crti.o
 .ARM.attributes
                0x000000000000001e       0x34 /opt/gcc-arm-none-eabi-10.3-2021.10/bin/../lib/gcc/arm-none-eabi/10.3.1/thumb/v7e-m+fp/hard/crtbegin.o
 .ARM.attributes
                0x0000000000000052       0x34 build/debug/main.o
 .ARM.attributes
                0x0000000000000086       0x34 build/debug/stm32l4xx_hal.o
 .ARM.attributes
                0x00000000000000ba       0x34 build/debug/stm32l4xx_hal_cortex.o
 .ARM.attributes
                0x00000000000000ee       0x34 build/debug/stm32l4xx_hal_gpio.o
 .ARM.attributes
                0x0000000000000122       0x34 build/debug/stm32l4xx_hal_msp.o
 .ARM.attributes
                0x0000000000000156       0x34 build/debug/stm32l4xx_hal_pcd.o
 .ARM.attributes
                0x000000000000018a       0x34 build/debug/stm32l4xx_hal_pcd_ex.o
 .ARM.attributes
                0x00000000000001be       0x34 build/debug/stm32l4xx_hal_pwr_ex.o
 .ARM.attributes
                0x00000000000001f2       0x34 build/debug/stm32l4xx_hal_rcc.o
 .ARM.attributes
                0x0000000000000226       0x34 build/debug/stm32l4xx_hal_rcc_ex.o
 .ARM.attributes
                0x000000000000025a       0x34 build/debug/stm32l4xx_hal_uart.o
 .ARM.attributes
                0x000000000000028e       0x34 build/debug/stm32l4xx_hal_uart_ex.o
 .ARM.attributes
                0x00000000000002c2       0x34 build/debug/stm32l4xx_it.o
 .ARM.attributes
                0x00000000000002f6       0x34 build/debug/stm32l4xx_ll_usb.o
 .ARM.attributes
                0x000000000000032a       0x34 build/debug/system_stm32l4xx.o
 .ARM.attributes
                0x000000000000035e       0x21 build/debug/startup_stm32l4r5xx.o
 .ARM.attributes
                0x000000000000037f       0x34 /opt/gcc-arm-none-eabi-10.3-2021.10/bin/../lib/gcc/arm-none-eabi/10.3.1/../../../../arm-none-eabi/lib/thumb/v7e-m+fp/hard/libc_nano.a(lib_a-init.o)
 .ARM.attributes
                0x00000000000003b3       0x34 /opt/gcc-arm-none-eabi-10.3-2021.10/bin/../lib/gcc/arm-none-eabi/10.3.1/../../../../arm-none-eabi/lib/thumb/v7e-m+fp/hard/libc_nano.a(lib_a-memset.o)
 .ARM.attributes
                0x00000000000003e7       0x1e /opt/gcc-arm-none-eabi-10.3-2021.10/bin/../lib/gcc/arm-none-eabi/10.3.1/thumb/v7e-m+fp/hard/libgcc.a(_aeabi_uldivmod.o)
 .ARM.attributes
                0x0000000000000405       0x34 /opt/gcc-arm-none-eabi-10.3-2021.10/bin/../lib/gcc/arm-none-eabi/10.3.1/thumb/v7e-m+fp/hard/libgcc.a(_udivmoddi4.o)
 .ARM.attributes
                0x0000000000000439       0x1e /opt/gcc-arm-none-eabi-10.3-2021.10/bin/../lib/gcc/arm-none-eabi/10.3.1/thumb/v7e-m+fp/hard/libgcc.a(_dvmd_tls.o)
 .ARM.attributes
                0x0000000000000457       0x1e /opt/gcc-arm-none-eabi-10.3-2021.10/bin/../lib/gcc/arm-none-eabi/10.3.1/thumb/v7e-m+fp/hard/crtn.o

.comment        0x0000000000000000       0x49
 .comment       0x0000000000000000       0x49 build/debug/main.o
                                         0x4a (size before relaxing)
 .comment       0x0000000000000049       0x4a build/debug/stm32l4xx_hal.o
 .comment       0x0000000000000049       0x4a build/debug/stm32l4xx_hal_cortex.o
 .comment       0x0000000000000049       0x4a build/debug/stm32l4xx_hal_gpio.o
 .comment       0x0000000000000049       0x4a build/debug/stm32l4xx_hal_msp.o
 .comment       0x0000000000000049       0x4a build/debug/stm32l4xx_hal_pcd.o
 .comment       0x0000000000000049       0x4a build/debug/stm32l4xx_hal_pcd_ex.o
 .comment       0x0000000000000049       0x4a build/debug/stm32l4xx_hal_pwr_ex.o
 .comment       0x0000000000000049       0x4a build/debug/stm32l4xx_hal_rcc.o
 .comment       0x0000000000000049       0x4a build/debug/stm32l4xx_hal_rcc_ex.o
 .comment       0x0000000000000049       0x4a build/debug/stm32l4xx_hal_uart.o
 .comment       0x0000000000000049       0x4a build/debug/stm32l4xx_hal_uart_ex.o
 .comment       0x0000000000000049       0x4a build/debug/stm32l4xx_it.o
 .comment       0x0000000000000049       0x4a build/debug/stm32l4xx_ll_usb.o
 .comment       0x0000000000000049       0x4a build/debug/system_stm32l4xx.o

.debug_info     0x0000000000000000    0x14992
 .debug_info    0x0000000000000000     0x17da build/debug/main.o
 .debug_info    0x00000000000017da      0xc24 build/debug/stm32l4xx_hal.o
 .debug_info    0x00000000000023fe     0x10e9 build/debug/stm32l4xx_hal_cortex.o
 .debug_info    0x00000000000034e7      0x88f build/debug/stm32l4xx_hal_gpio.o
 .debug_info    0x0000000000003d76     0x1700 build/debug/stm32l4xx_hal_msp.o
 .debug_info    0x0000000000005476     0x1a4e build/debug/stm32l4xx_hal_pcd.o
 .debug_info    0x0000000000006ec4      0xa66 build/debug/stm32l4xx_hal_pcd_ex.o
 .debug_info    0x000000000000792a      0xb10 build/debug/stm32l4xx_hal_pwr_ex.o
 .debug_info    0x000000000000843a     0x10c4 build/debug/stm32l4xx_hal_rcc.o
 .debug_info    0x00000000000094fe     0x162a build/debug/stm32l4xx_hal_rcc_ex.o
 .debug_info    0x000000000000ab28     0x646f build/debug/stm32l4xx_hal_uart.o
 .debug_info    0x0000000000010f97     0x12bc build/debug/stm32l4xx_hal_uart_ex.o
 .debug_info    0x0000000000012253      0x130 build/debug/stm32l4xx_it.o
 .debug_info    0x0000000000012383     0x1fd5 build/debug/stm32l4xx_ll_usb.o
 .debug_info    0x0000000000014358      0x618 build/debug/system_stm32l4xx.o
 .debug_info    0x0000000000014970       0x22 build/debug/startup_stm32l4r5xx.o

.debug_abbrev   0x0000000000000000     0x22e4
 .debug_abbrev  0x0000000000000000      0x2ae build/debug/main.o
 .debug_abbrev  0x00000000000002ae      0x22a build/debug/stm32l4xx_hal.o
 .debug_abbrev  0x00000000000004d8      0x361 build/debug/stm32l4xx_hal_cortex.o
 .debug_abbrev  0x0000000000000839      0x1e6 build/debug/stm32l4xx_hal_gpio.o
 .debug_abbrev  0x0000000000000a1f      0x253 build/debug/stm32l4xx_hal_msp.o
 .debug_abbrev  0x0000000000000c72      0x299 build/debug/stm32l4xx_hal_pcd.o
 .debug_abbrev  0x0000000000000f0b      0x26d build/debug/stm32l4xx_hal_pcd_ex.o
 .debug_abbrev  0x0000000000001178      0x215 build/debug/stm32l4xx_hal_pwr_ex.o
 .debug_abbrev  0x000000000000138d      0x271 build/debug/stm32l4xx_hal_rcc.o
 .debug_abbrev  0x00000000000015fe      0x275 build/debug/stm32l4xx_hal_rcc_ex.o
 .debug_abbrev  0x0000000000001873      0x306 build/debug/stm32l4xx_hal_uart.o
 .debug_abbrev  0x0000000000001b79      0x2f0 build/debug/stm32l4xx_hal_uart_ex.o
 .debug_abbrev  0x0000000000001e69       0x7e build/debug/stm32l4xx_it.o
 .debug_abbrev  0x0000000000001ee7      0x2d2 build/debug/stm32l4xx_ll_usb.o
 .debug_abbrev  0x00000000000021b9      0x119 build/debug/system_stm32l4xx.o
 .debug_abbrev  0x00000000000022d2       0x12 build/debug/startup_stm32l4r5xx.o

.debug_aranges  0x0000000000000000      0xcc0
 .debug_aranges
                0x0000000000000000       0x50 build/debug/main.o
 .debug_aranges
                0x0000000000000050      0x130 build/debug/stm32l4xx_hal.o
 .debug_aranges
                0x0000000000000180       0xb8 build/debug/stm32l4xx_hal_cortex.o
 .debug_aranges
                0x0000000000000238       0x58 build/debug/stm32l4xx_hal_gpio.o
 .debug_aranges
                0x0000000000000290       0x40 build/debug/stm32l4xx_hal_msp.o
 .debug_aranges
                0x00000000000002d0      0x138 build/debug/stm32l4xx_hal_pcd.o
 .debug_aranges
                0x0000000000000408       0x60 build/debug/stm32l4xx_hal_pcd_ex.o
 .debug_aranges
                0x0000000000000468      0x170 build/debug/stm32l4xx_hal_pwr_ex.o
 .debug_aranges
                0x00000000000005d8       0x98 build/debug/stm32l4xx_hal_rcc.o
 .debug_aranges
                0x0000000000000670      0x110 build/debug/stm32l4xx_hal_rcc_ex.o
 .debug_aranges
                0x0000000000000780      0x248 build/debug/stm32l4xx_hal_uart.o
 .debug_aranges
                0x00000000000009c8       0xa8 build/debug/stm32l4xx_hal_uart_ex.o
 .debug_aranges
                0x0000000000000a70       0x60 build/debug/stm32l4xx_it.o
 .debug_aranges
                0x0000000000000ad0      0x1a0 build/debug/stm32l4xx_ll_usb.o
 .debug_aranges
                0x0000000000000c70       0x28 build/debug/system_stm32l4xx.o
 .debug_aranges
                0x0000000000000c98       0x28 build/debug/startup_stm32l4r5xx.o

.debug_ranges   0x0000000000000000      0xc70
 .debug_ranges  0x0000000000000000       0x40 build/debug/main.o
 .debug_ranges  0x0000000000000040      0x120 build/debug/stm32l4xx_hal.o
 .debug_ranges  0x0000000000000160      0x108 build/debug/stm32l4xx_hal_cortex.o
 .debug_ranges  0x0000000000000268       0x48 build/debug/stm32l4xx_hal_gpio.o
 .debug_ranges  0x00000000000002b0       0x30 build/debug/stm32l4xx_hal_msp.o
 .debug_ranges  0x00000000000002e0      0x128 build/debug/stm32l4xx_hal_pcd.o
 .debug_ranges  0x0000000000000408       0x50 build/debug/stm32l4xx_hal_pcd_ex.o
 .debug_ranges  0x0000000000000458      0x160 build/debug/stm32l4xx_hal_pwr_ex.o
 .debug_ranges  0x00000000000005b8       0xa0 build/debug/stm32l4xx_hal_rcc.o
 .debug_ranges  0x0000000000000658      0x118 build/debug/stm32l4xx_hal_rcc_ex.o
 .debug_ranges  0x0000000000000770      0x238 build/debug/stm32l4xx_hal_uart.o
 .debug_ranges  0x00000000000009a8       0xb0 build/debug/stm32l4xx_hal_uart_ex.o
 .debug_ranges  0x0000000000000a58       0x50 build/debug/stm32l4xx_it.o
 .debug_ranges  0x0000000000000aa8      0x190 build/debug/stm32l4xx_ll_usb.o
 .debug_ranges  0x0000000000000c38       0x18 build/debug/system_stm32l4xx.o
 .debug_ranges  0x0000000000000c50       0x20 build/debug/startup_stm32l4r5xx.o

.debug_line     0x0000000000000000     0xfe2b
 .debug_line    0x0000000000000000      0x611 build/debug/main.o
 .debug_line    0x0000000000000611      0x674 build/debug/stm32l4xx_hal.o
 .debug_line    0x0000000000000c85      0x76a build/debug/stm32l4xx_hal_cortex.o
 .debug_line    0x00000000000013ef      0x672 build/debug/stm32l4xx_hal_gpio.o
 .debug_line    0x0000000000001a61      0x471 build/debug/stm32l4xx_hal_msp.o
 .debug_line    0x0000000000001ed2     0x1378 build/debug/stm32l4xx_hal_pcd.o
 .debug_line    0x000000000000324a      0x471 build/debug/stm32l4xx_hal_pcd_ex.o
 .debug_line    0x00000000000036bb      0xbb1 build/debug/stm32l4xx_hal_pwr_ex.o
 .debug_line    0x000000000000426c     0x101e build/debug/stm32l4xx_hal_rcc.o
 .debug_line    0x000000000000528a     0x1b58 build/debug/stm32l4xx_hal_rcc_ex.o
 .debug_line    0x0000000000006de2     0x6429 build/debug/stm32l4xx_hal_uart.o
 .debug_line    0x000000000000d20b      0xc70 build/debug/stm32l4xx_hal_uart_ex.o
 .debug_line    0x000000000000de7b      0x179 build/debug/stm32l4xx_it.o
 .debug_line    0x000000000000dff4     0x1b4d build/debug/stm32l4xx_ll_usb.o
 .debug_line    0x000000000000fb41      0x274 build/debug/system_stm32l4xx.o
 .debug_line    0x000000000000fdb5       0x76 build/debug/startup_stm32l4r5xx.o

.debug_str      0x0000000000000000     0x497c
 .debug_str     0x0000000000000000      0xf27 build/debug/main.o
                                       0x1004 (size before relaxing)
 .debug_str     0x0000000000000f27      0x9d6 build/debug/stm32l4xx_hal.o
                                        0xd2f (size before relaxing)
 .debug_str     0x00000000000018fd      0x4d7 build/debug/stm32l4xx_hal_cortex.o
                                        0xc6e (size before relaxing)
 .debug_str     0x0000000000001dd4      0x119 build/debug/stm32l4xx_hal_gpio.o
                                        0x545 (size before relaxing)
 .debug_str     0x0000000000001eed      0x36f build/debug/stm32l4xx_hal_msp.o
                                       0x1086 (size before relaxing)
 .debug_str     0x000000000000225c      0x7b1 build/debug/stm32l4xx_hal_pcd.o
                                        0xdce (size before relaxing)
 .debug_str     0x0000000000002a0d      0x1ac build/debug/stm32l4xx_hal_pcd_ex.o
                                        0x80d (size before relaxing)
 .debug_str     0x0000000000002bb9      0x593 build/debug/stm32l4xx_hal_pwr_ex.o
                                        0x89b (size before relaxing)
 .debug_str     0x000000000000314c      0x29a build/debug/stm32l4xx_hal_rcc.o
                                        0x8cd (size before relaxing)
 .debug_str     0x00000000000033e6      0x503 build/debug/stm32l4xx_hal_rcc_ex.o
                                        0xd34 (size before relaxing)
 .debug_str     0x00000000000038e9      0x8ba build/debug/stm32l4xx_hal_uart.o
                                       0x1229 (size before relaxing)
 .debug_str     0x00000000000041a3      0x246 build/debug/stm32l4xx_hal_uart_ex.o
                                        0xb64 (size before relaxing)
 .debug_str     0x00000000000043e9       0xa8 build/debug/stm32l4xx_it.o
                                        0x214 (size before relaxing)
 .debug_str     0x0000000000004491      0x48a build/debug/stm32l4xx_ll_usb.o
                                        0xd17 (size before relaxing)
 .debug_str     0x000000000000491b       0x3d build/debug/system_stm32l4xx.o
                                        0x3dd (size before relaxing)
 .debug_str     0x0000000000004958       0x24 build/debug/startup_stm32l4r5xx.o
                                         0x4b (size before relaxing)

.debug_frame    0x0000000000000000     0x1fdc
 .debug_frame   0x0000000000000000       0xc4 build/debug/main.o
 .debug_frame   0x00000000000000c4      0x274 build/debug/stm32l4xx_hal.o
 .debug_frame   0x0000000000000338      0x168 build/debug/stm32l4xx_hal_cortex.o
 .debug_frame   0x00000000000004a0       0xd0 build/debug/stm32l4xx_hal_gpio.o
 .debug_frame   0x0000000000000570       0xa8 build/debug/stm32l4xx_hal_msp.o
 .debug_frame   0x0000000000000618      0x35c build/debug/stm32l4xx_hal_pcd.o
 .debug_frame   0x0000000000000974       0xb8 build/debug/stm32l4xx_hal_pcd_ex.o
 .debug_frame   0x0000000000000a2c      0x2d8 build/debug/stm32l4xx_hal_pwr_ex.o
 .debug_frame   0x0000000000000d04      0x1b4 build/debug/stm32l4xx_hal_rcc.o
 .debug_frame   0x0000000000000eb8      0x2c4 build/debug/stm32l4xx_hal_rcc_ex.o
 .debug_frame   0x000000000000117c      0x67c build/debug/stm32l4xx_hal_uart.o
 .debug_frame   0x00000000000017f8      0x1d8 build/debug/stm32l4xx_hal_uart_ex.o
 .debug_frame   0x00000000000019d0       0xa8 build/debug/stm32l4xx_it.o
 .debug_frame   0x0000000000001a78      0x488 build/debug/stm32l4xx_ll_usb.o
 .debug_frame   0x0000000000001f00       0x30 build/debug/system_stm32l4xx.o
 .debug_frame   0x0000000000001f30       0x2c /opt/gcc-arm-none-eabi-10.3-2021.10/bin/../lib/gcc/arm-none-eabi/10.3.1/../../../../arm-none-eabi/lib/thumb/v7e-m+fp/hard/libc_nano.a(lib_a-init.o)
 .debug_frame   0x0000000000001f5c       0x20 /opt/gcc-arm-none-eabi-10.3-2021.10/bin/../lib/gcc/arm-none-eabi/10.3.1/../../../../arm-none-eabi/lib/thumb/v7e-m+fp/hard/libc_nano.a(lib_a-memset.o)
 .debug_frame   0x0000000000001f7c       0x2c /opt/gcc-arm-none-eabi-10.3-2021.10/bin/../lib/gcc/arm-none-eabi/10.3.1/thumb/v7e-m+fp/hard/libgcc.a(_aeabi_uldivmod.o)
 .debug_frame   0x0000000000001fa8       0x34 /opt/gcc-arm-none-eabi-10.3-2021.10/bin/../lib/gcc/arm-none-eabi/10.3.1/thumb/v7e-m+fp/hard/libgcc.a(_udivmoddi4.o)

.debug_loc      0x0000000000000000     0xe3b0
 .debug_loc     0x0000000000000000      0x1ef build/debug/stm32l4xx_hal.o
 .debug_loc     0x00000000000001ef      0x744 build/debug/stm32l4xx_hal_cortex.o
 .debug_loc     0x0000000000000933      0x3b3 build/debug/stm32l4xx_hal_gpio.o
 .debug_loc     0x0000000000000ce6      0x112 build/debug/stm32l4xx_hal_msp.o
 .debug_loc     0x0000000000000df8     0x1168 build/debug/stm32l4xx_hal_pcd.o
 .debug_loc     0x0000000000001f60      0x236 build/debug/stm32l4xx_hal_pcd_ex.o
 .debug_loc     0x0000000000002196      0xc35 build/debug/stm32l4xx_hal_pwr_ex.o
 .debug_loc     0x0000000000002dcb      0x9ee build/debug/stm32l4xx_hal_rcc.o
 .debug_loc     0x00000000000037b9     0x20a5 build/debug/stm32l4xx_hal_rcc_ex.o
 .debug_loc     0x000000000000585e     0x5b91 build/debug/stm32l4xx_hal_uart.o
 .debug_loc     0x000000000000b3ef      0xc3a build/debug/stm32l4xx_hal_uart_ex.o
 .debug_loc     0x000000000000c029     0x2260 build/debug/stm32l4xx_ll_usb.o
 .debug_loc     0x000000000000e289      0x127 build/debug/system_stm32l4xx.o

Cross Reference Table

Symbol                                            File
ADC1_IRQHandler                                   build/debug/startup_stm32l4r5xx.o
AHBPrescTable                                     build/debug/system_stm32l4xx.o
                                                  build/debug/stm32l4xx_hal_rcc.o
APBPrescTable                                     build/debug/system_stm32l4xx.o
                                                  build/debug/stm32l4xx_hal_rcc.o
BusFault_Handler                                  build/debug/stm32l4xx_it.o
CAN1_RX0_IRQHandler                               build/debug/startup_stm32l4r5xx.o
CAN1_RX1_IRQHandler                               build/debug/startup_stm32l4r5xx.o
CAN1_SCE_IRQHandler                               build/debug/startup_stm32l4r5xx.o
CAN1_TX_IRQHandler                                build/debug/startup_stm32l4r5xx.o
COMP_IRQHandler                                   build/debug/startup_stm32l4r5xx.o
CRS_IRQHandler                                    build/debug/startup_stm32l4r5xx.o
DCMI_IRQHandler                                   build/debug/startup_stm32l4r5xx.o
DFSDM1_FLT0_IRQHandler                            build/debug/startup_stm32l4r5xx.o
DFSDM1_FLT1_IRQHandler                            build/debug/startup_stm32l4r5xx.o
DFSDM1_FLT2_IRQHandler                            build/debug/startup_stm32l4r5xx.o
DFSDM1_FLT3_IRQHandler                            build/debug/startup_stm32l4r5xx.o
DMA1_Channel1_IRQHandler                          build/debug/startup_stm32l4r5xx.o
DMA1_Channel2_IRQHandler                          build/debug/startup_stm32l4r5xx.o
DMA1_Channel3_IRQHandler                          build/debug/startup_stm32l4r5xx.o
DMA1_Channel4_IRQHandler                          build/debug/startup_stm32l4r5xx.o
DMA1_Channel5_IRQHandler                          build/debug/startup_stm32l4r5xx.o
DMA1_Channel6_IRQHandler                          build/debug/startup_stm32l4r5xx.o
DMA1_Channel7_IRQHandler                          build/debug/startup_stm32l4r5xx.o
DMA2D_IRQHandler                                  build/debug/startup_stm32l4r5xx.o
DMA2_Channel1_IRQHandler                          build/debug/startup_stm32l4r5xx.o
DMA2_Channel2_IRQHandler                          build/debug/startup_stm32l4r5xx.o
DMA2_Channel3_IRQHandler                          build/debug/startup_stm32l4r5xx.o
DMA2_Channel4_IRQHandler                          build/debug/startup_stm32l4r5xx.o
DMA2_Channel5_IRQHandler                          build/debug/startup_stm32l4r5xx.o
DMA2_Channel6_IRQHandler                          build/debug/startup_stm32l4r5xx.o
DMA2_Channel7_IRQHandler                          build/debug/startup_stm32l4r5xx.o
DMAMUX1_OVR_IRQHandler                            build/debug/startup_stm32l4r5xx.o
DebugMon_Handler                                  build/debug/stm32l4xx_it.o
Default_Handler                                   build/debug/startup_stm32l4r5xx.o
EXTI0_IRQHandler                                  build/debug/startup_stm32l4r5xx.o
EXTI15_10_IRQHandler                              build/debug/startup_stm32l4r5xx.o
EXTI1_IRQHandler                                  build/debug/startup_stm32l4r5xx.o
EXTI2_IRQHandler                                  build/debug/startup_stm32l4r5xx.o
EXTI3_IRQHandler                                  build/debug/startup_stm32l4r5xx.o
EXTI4_IRQHandler                                  build/debug/startup_stm32l4r5xx.o
EXTI9_5_IRQHandler                                build/debug/startup_stm32l4r5xx.o
Error_Handler                                     build/debug/main.o
                                                  build/debug/stm32l4xx_hal_msp.o
FLASH_FlushCaches                                 build/debug/stm32l4xx_hal_flash_ex.o
                                                  build/debug/stm32l4xx_hal_flash.o
FLASH_IRQHandler                                  build/debug/startup_stm32l4r5xx.o
FLASH_PageErase                                   build/debug/stm32l4xx_hal_flash_ex.o
                                                  build/debug/stm32l4xx_hal_flash.o
FLASH_WaitForLastOperation                        build/debug/stm32l4xx_hal_flash.o
                                                  build/debug/stm32l4xx_hal_flash_ex.o
FMC_IRQHandler                                    build/debug/startup_stm32l4r5xx.o
FPU_IRQHandler                                    build/debug/startup_stm32l4r5xx.o
GFXMMU_IRQHandler                                 build/debug/startup_stm32l4r5xx.o
HAL_DBGMCU_DisableDBGSleepMode                    build/debug/stm32l4xx_hal.o
HAL_DBGMCU_DisableDBGStandbyMode                  build/debug/stm32l4xx_hal.o
HAL_DBGMCU_DisableDBGStopMode                     build/debug/stm32l4xx_hal.o
HAL_DBGMCU_EnableDBGSleepMode                     build/debug/stm32l4xx_hal.o
HAL_DBGMCU_EnableDBGStandbyMode                   build/debug/stm32l4xx_hal.o
HAL_DBGMCU_EnableDBGStopMode                      build/debug/stm32l4xx_hal.o
HAL_DMAEx_ConfigMuxRequestGenerator               build/debug/stm32l4xx_hal_dma_ex.o
HAL_DMAEx_ConfigMuxSync                           build/debug/stm32l4xx_hal_dma_ex.o
HAL_DMAEx_DisableMuxRequestGenerator              build/debug/stm32l4xx_hal_dma_ex.o
HAL_DMAEx_EnableMuxRequestGenerator               build/debug/stm32l4xx_hal_dma_ex.o
HAL_DMAEx_MUX_IRQHandler                          build/debug/stm32l4xx_hal_dma_ex.o
HAL_DMA_Abort                                     build/debug/stm32l4xx_hal_dma.o
                                                  build/debug/stm32l4xx_hal_uart.o
HAL_DMA_Abort_IT                                  build/debug/stm32l4xx_hal_dma.o
                                                  build/debug/stm32l4xx_hal_uart.o
HAL_DMA_DeInit                                    build/debug/stm32l4xx_hal_dma.o
HAL_DMA_GetError                                  build/debug/stm32l4xx_hal_dma.o
                                                  build/debug/stm32l4xx_hal_uart.o
HAL_DMA_GetState                                  build/debug/stm32l4xx_hal_dma.o
HAL_DMA_IRQHandler                                build/debug/stm32l4xx_hal_dma.o
HAL_DMA_Init                                      build/debug/stm32l4xx_hal_dma.o
HAL_DMA_PollForTransfer                           build/debug/stm32l4xx_hal_dma.o
HAL_DMA_RegisterCallback                          build/debug/stm32l4xx_hal_dma.o
HAL_DMA_Start                                     build/debug/stm32l4xx_hal_dma.o
HAL_DMA_Start_IT                                  build/debug/stm32l4xx_hal_dma.o
                                                  build/debug/stm32l4xx_hal_uart.o
HAL_DMA_UnRegisterCallback                        build/debug/stm32l4xx_hal_dma.o
HAL_DeInit                                        build/debug/stm32l4xx_hal.o
HAL_Delay                                         build/debug/stm32l4xx_hal.o
                                                  build/debug/stm32l4xx_ll_usb.o
                                                  build/debug/stm32l4xx_hal_pcd_ex.o
                                                  build/debug/main.o
HAL_EXTI_ClearConfigLine                          build/debug/stm32l4xx_hal_exti.o
HAL_EXTI_ClearPending                             build/debug/stm32l4xx_hal_exti.o
HAL_EXTI_GenerateSWI                              build/debug/stm32l4xx_hal_exti.o
HAL_EXTI_GetConfigLine                            build/debug/stm32l4xx_hal_exti.o
HAL_EXTI_GetHandle                                build/debug/stm32l4xx_hal_exti.o
HAL_EXTI_GetPending                               build/debug/stm32l4xx_hal_exti.o
HAL_EXTI_IRQHandler                               build/debug/stm32l4xx_hal_exti.o
HAL_EXTI_RegisterCallback                         build/debug/stm32l4xx_hal_exti.o
HAL_EXTI_SetConfigLine                            build/debug/stm32l4xx_hal_exti.o
HAL_FLASHEx_ConfigLVEPin                          build/debug/stm32l4xx_hal_flash_ex.o
HAL_FLASHEx_DisableRunPowerDown                   build/debug/stm32l4xx_hal_flash_ramfunc.o
HAL_FLASHEx_EnableRunPowerDown                    build/debug/stm32l4xx_hal_flash_ramfunc.o
HAL_FLASHEx_Erase                                 build/debug/stm32l4xx_hal_flash_ex.o
HAL_FLASHEx_Erase_IT                              build/debug/stm32l4xx_hal_flash_ex.o
HAL_FLASHEx_OBGetConfig                           build/debug/stm32l4xx_hal_flash_ex.o
HAL_FLASHEx_OBProgram                             build/debug/stm32l4xx_hal_flash_ex.o
HAL_FLASHEx_OB_DBankConfig                        build/debug/stm32l4xx_hal_flash_ramfunc.o
HAL_FLASH_EndOfOperationCallback                  build/debug/stm32l4xx_hal_flash.o
HAL_FLASH_GetError                                build/debug/stm32l4xx_hal_flash.o
HAL_FLASH_IRQHandler                              build/debug/stm32l4xx_hal_flash.o
HAL_FLASH_Lock                                    build/debug/stm32l4xx_hal_flash.o
HAL_FLASH_OB_Launch                               build/debug/stm32l4xx_hal_flash.o
HAL_FLASH_OB_Lock                                 build/debug/stm32l4xx_hal_flash.o
HAL_FLASH_OB_Unlock                               build/debug/stm32l4xx_hal_flash.o
HAL_FLASH_OperationErrorCallback                  build/debug/stm32l4xx_hal_flash.o
HAL_FLASH_Program                                 build/debug/stm32l4xx_hal_flash.o
HAL_FLASH_Program_IT                              build/debug/stm32l4xx_hal_flash.o
HAL_FLASH_Unlock                                  build/debug/stm32l4xx_hal_flash.o
HAL_GPIO_DeInit                                   build/debug/stm32l4xx_hal_gpio.o
                                                  build/debug/stm32l4xx_hal_msp.o
HAL_GPIO_EXTI_Callback                            build/debug/stm32l4xx_hal_gpio.o
HAL_GPIO_EXTI_IRQHandler                          build/debug/stm32l4xx_hal_gpio.o
HAL_GPIO_Init                                     build/debug/stm32l4xx_hal_gpio.o
                                                  build/debug/stm32l4xx_hal_rcc_ex.o
                                                  build/debug/stm32l4xx_hal_rcc.o
                                                  build/debug/stm32l4xx_hal_msp.o
                                                  build/debug/main.o
HAL_GPIO_LockPin                                  build/debug/stm32l4xx_hal_gpio.o
HAL_GPIO_ReadPin                                  build/debug/stm32l4xx_hal_gpio.o
HAL_GPIO_TogglePin                                build/debug/stm32l4xx_hal_gpio.o
                                                  build/debug/main.o
HAL_GPIO_WritePin                                 build/debug/stm32l4xx_hal_gpio.o
                                                  build/debug/main.o
HAL_GetDEVID                                      build/debug/stm32l4xx_hal.o
HAL_GetHalVersion                                 build/debug/stm32l4xx_hal.o
HAL_GetREVID                                      build/debug/stm32l4xx_hal.o
HAL_GetTick                                       build/debug/stm32l4xx_hal.o
                                                  build/debug/stm32l4xx_hal_uart_ex.o
                                                  build/debug/stm32l4xx_hal_uart.o
                                                  build/debug/stm32l4xx_hal_rcc_ex.o
                                                  build/debug/stm32l4xx_hal_rcc.o
                                                  build/debug/stm32l4xx_hal_pcd_ex.o
                                                  build/debug/stm32l4xx_hal_flash.o
                                                  build/debug/stm32l4xx_hal_dma.o
HAL_GetTickFreq                                   build/debug/stm32l4xx_hal.o
HAL_GetTickPrio                                   build/debug/stm32l4xx_hal.o
HAL_GetUIDw0                                      build/debug/stm32l4xx_hal.o
HAL_GetUIDw1                                      build/debug/stm32l4xx_hal.o
HAL_GetUIDw2                                      build/debug/stm32l4xx_hal.o
HAL_HalfDuplex_EnableReceiver                     build/debug/stm32l4xx_hal_uart.o
HAL_HalfDuplex_EnableTransmitter                  build/debug/stm32l4xx_hal_uart.o
HAL_HalfDuplex_Init                               build/debug/stm32l4xx_hal_uart.o
HAL_IncTick                                       build/debug/stm32l4xx_hal.o
                                                  build/debug/stm32l4xx_it.o
HAL_Init                                          build/debug/stm32l4xx_hal.o
                                                  build/debug/main.o
HAL_InitTick                                      build/debug/stm32l4xx_hal.o
                                                  build/debug/stm32l4xx_hal_rcc.o
HAL_LIN_Init                                      build/debug/stm32l4xx_hal_uart.o
HAL_LIN_SendBreak                                 build/debug/stm32l4xx_hal_uart.o
HAL_MPU_ConfigRegion                              build/debug/stm32l4xx_hal_cortex.o
HAL_MPU_Disable                                   build/debug/stm32l4xx_hal_cortex.o
HAL_MPU_DisableRegion                             build/debug/stm32l4xx_hal_cortex.o
HAL_MPU_Enable                                    build/debug/stm32l4xx_hal_cortex.o
HAL_MPU_EnableRegion                              build/debug/stm32l4xx_hal_cortex.o
HAL_MspDeInit                                     build/debug/stm32l4xx_hal.o
HAL_MspInit                                       build/debug/stm32l4xx_hal_msp.o
                                                  build/debug/stm32l4xx_hal.o
HAL_MultiProcessorEx_AddressLength_Set            build/debug/stm32l4xx_hal_uart_ex.o
HAL_MultiProcessor_DisableMuteMode                build/debug/stm32l4xx_hal_uart.o
HAL_MultiProcessor_EnableMuteMode                 build/debug/stm32l4xx_hal_uart.o
HAL_MultiProcessor_EnterMuteMode                  build/debug/stm32l4xx_hal_uart.o
HAL_MultiProcessor_Init                           build/debug/stm32l4xx_hal_uart.o
HAL_NVIC_ClearPendingIRQ                          build/debug/stm32l4xx_hal_cortex.o
HAL_NVIC_DisableIRQ                               build/debug/stm32l4xx_hal_cortex.o
HAL_NVIC_EnableIRQ                                build/debug/stm32l4xx_hal_cortex.o
HAL_NVIC_GetActive                                build/debug/stm32l4xx_hal_cortex.o
HAL_NVIC_GetPendingIRQ                            build/debug/stm32l4xx_hal_cortex.o
HAL_NVIC_GetPriority                              build/debug/stm32l4xx_hal_cortex.o
HAL_NVIC_GetPriorityGrouping                      build/debug/stm32l4xx_hal_cortex.o
HAL_NVIC_SetPendingIRQ                            build/debug/stm32l4xx_hal_cortex.o
HAL_NVIC_SetPriority                              build/debug/stm32l4xx_hal_cortex.o
                                                  build/debug/stm32l4xx_hal.o
HAL_NVIC_SetPriorityGrouping                      build/debug/stm32l4xx_hal_cortex.o
                                                  build/debug/stm32l4xx_hal.o
HAL_NVIC_SystemReset                              build/debug/stm32l4xx_hal_cortex.o
HAL_PCDEx_ActivateBCD                             build/debug/stm32l4xx_hal_pcd_ex.o
HAL_PCDEx_ActivateLPM                             build/debug/stm32l4xx_hal_pcd_ex.o
                                                  build/debug/stm32l4xx_hal_pcd.o
HAL_PCDEx_BCD_Callback                            build/debug/stm32l4xx_hal_pcd_ex.o
HAL_PCDEx_BCD_VBUSDetect                          build/debug/stm32l4xx_hal_pcd_ex.o
HAL_PCDEx_DeActivateBCD                           build/debug/stm32l4xx_hal_pcd_ex.o
HAL_PCDEx_DeActivateLPM                           build/debug/stm32l4xx_hal_pcd_ex.o
HAL_PCDEx_LPM_Callback                            build/debug/stm32l4xx_hal_pcd_ex.o
                                                  build/debug/stm32l4xx_hal_pcd.o
HAL_PCDEx_SetRxFiFo                               build/debug/stm32l4xx_hal_pcd_ex.o
HAL_PCDEx_SetTxFiFo                               build/debug/stm32l4xx_hal_pcd_ex.o
HAL_PCD_ActivateRemoteWakeup                      build/debug/stm32l4xx_hal_pcd.o
HAL_PCD_ConnectCallback                           build/debug/stm32l4xx_hal_pcd.o
HAL_PCD_DataInStageCallback                       build/debug/stm32l4xx_hal_pcd.o
HAL_PCD_DataOutStageCallback                      build/debug/stm32l4xx_hal_pcd.o
HAL_PCD_DeActivateRemoteWakeup                    build/debug/stm32l4xx_hal_pcd.o
HAL_PCD_DeInit                                    build/debug/stm32l4xx_hal_pcd.o
HAL_PCD_DevConnect                                build/debug/stm32l4xx_hal_pcd.o
HAL_PCD_DevDisconnect                             build/debug/stm32l4xx_hal_pcd.o
HAL_PCD_DisconnectCallback                        build/debug/stm32l4xx_hal_pcd.o
HAL_PCD_EP_Abort                                  build/debug/stm32l4xx_hal_pcd.o
HAL_PCD_EP_Close                                  build/debug/stm32l4xx_hal_pcd.o
HAL_PCD_EP_ClrStall                               build/debug/stm32l4xx_hal_pcd.o
HAL_PCD_EP_Flush                                  build/debug/stm32l4xx_hal_pcd.o
HAL_PCD_EP_GetRxCount                             build/debug/stm32l4xx_hal_pcd.o
HAL_PCD_EP_Open                                   build/debug/stm32l4xx_hal_pcd.o
HAL_PCD_EP_Receive                                build/debug/stm32l4xx_hal_pcd.o
HAL_PCD_EP_SetStall                               build/debug/stm32l4xx_hal_pcd.o
HAL_PCD_EP_Transmit                               build/debug/stm32l4xx_hal_pcd.o
HAL_PCD_GetState                                  build/debug/stm32l4xx_hal_pcd.o
HAL_PCD_IRQHandler                                build/debug/stm32l4xx_hal_pcd.o
HAL_PCD_ISOINIncompleteCallback                   build/debug/stm32l4xx_hal_pcd.o
HAL_PCD_ISOOUTIncompleteCallback                  build/debug/stm32l4xx_hal_pcd.o
HAL_PCD_Init                                      build/debug/stm32l4xx_hal_pcd.o
                                                  build/debug/main.o
HAL_PCD_MspDeInit                                 build/debug/stm32l4xx_hal_msp.o
HAL_PCD_MspInit                                   build/debug/stm32l4xx_hal_msp.o
HAL_PCD_ResetCallback                             build/debug/stm32l4xx_hal_pcd.o
HAL_PCD_ResumeCallback                            build/debug/stm32l4xx_hal_pcd.o
HAL_PCD_SOFCallback                               build/debug/stm32l4xx_hal_pcd.o
HAL_PCD_SetAddress                                build/debug/stm32l4xx_hal_pcd.o
HAL_PCD_SetupStageCallback                        build/debug/stm32l4xx_hal_pcd.o
HAL_PCD_Start                                     build/debug/stm32l4xx_hal_pcd.o
HAL_PCD_Stop                                      build/debug/stm32l4xx_hal_pcd.o
HAL_PCD_SuspendCallback                           build/debug/stm32l4xx_hal_pcd.o
HAL_PWREx_ConfigPVM                               build/debug/stm32l4xx_hal_pwr_ex.o
HAL_PWREx_ControlVoltageScaling                   build/debug/stm32l4xx_hal_pwr_ex.o
                                                  build/debug/main.o
HAL_PWREx_DisableBatteryCharging                  build/debug/stm32l4xx_hal_pwr_ex.o
HAL_PWREx_DisableDSIPinsPDActivation              build/debug/stm32l4xx_hal_pwr_ex.o
HAL_PWREx_DisableGPIOPullDown                     build/debug/stm32l4xx_hal_pwr_ex.o
HAL_PWREx_DisableGPIOPullUp                       build/debug/stm32l4xx_hal_pwr_ex.o
HAL_PWREx_DisableInternalWakeUpLine               build/debug/stm32l4xx_hal_pwr_ex.o
HAL_PWREx_DisableLowPowerRunMode                  build/debug/stm32l4xx_hal_pwr_ex.o
                                                  build/debug/stm32l4xx_hal_pwr.o
HAL_PWREx_DisablePVM1                             build/debug/stm32l4xx_hal_pwr_ex.o
HAL_PWREx_DisablePVM2                             build/debug/stm32l4xx_hal_pwr_ex.o
HAL_PWREx_DisablePVM3                             build/debug/stm32l4xx_hal_pwr_ex.o
HAL_PWREx_DisablePVM4                             build/debug/stm32l4xx_hal_pwr_ex.o
HAL_PWREx_DisablePullUpPullDownConfig             build/debug/stm32l4xx_hal_pwr_ex.o
HAL_PWREx_DisableSRAM2ContentRetention            build/debug/stm32l4xx_hal_pwr_ex.o
HAL_PWREx_DisableSRAM3ContentRetention            build/debug/stm32l4xx_hal_pwr_ex.o
HAL_PWREx_DisableVddIO2                           build/debug/stm32l4xx_hal_pwr_ex.o
HAL_PWREx_DisableVddUSB                           build/debug/stm32l4xx_hal_pwr_ex.o
                                                  build/debug/stm32l4xx_hal_msp.o
HAL_PWREx_EnableBatteryCharging                   build/debug/stm32l4xx_hal_pwr_ex.o
HAL_PWREx_EnableDSIPinsPDActivation               build/debug/stm32l4xx_hal_pwr_ex.o
HAL_PWREx_EnableGPIOPullDown                      build/debug/stm32l4xx_hal_pwr_ex.o
HAL_PWREx_EnableGPIOPullUp                        build/debug/stm32l4xx_hal_pwr_ex.o
HAL_PWREx_EnableInternalWakeUpLine                build/debug/stm32l4xx_hal_pwr_ex.o
HAL_PWREx_EnableLowPowerRunMode                   build/debug/stm32l4xx_hal_pwr_ex.o
                                                  build/debug/stm32l4xx_hal_pwr.o
HAL_PWREx_EnablePVM1                              build/debug/stm32l4xx_hal_pwr_ex.o
HAL_PWREx_EnablePVM2                              build/debug/stm32l4xx_hal_pwr_ex.o
HAL_PWREx_EnablePVM3                              build/debug/stm32l4xx_hal_pwr_ex.o
HAL_PWREx_EnablePVM4                              build/debug/stm32l4xx_hal_pwr_ex.o
HAL_PWREx_EnablePullUpPullDownConfig              build/debug/stm32l4xx_hal_pwr_ex.o
HAL_PWREx_EnableSRAM2ContentRetention             build/debug/stm32l4xx_hal_pwr_ex.o
HAL_PWREx_EnableSRAM3ContentRetention             build/debug/stm32l4xx_hal_pwr_ex.o
HAL_PWREx_EnableVddIO2                            build/debug/stm32l4xx_hal_pwr_ex.o
                                                  build/debug/stm32l4xx_hal_msp.o
                                                  build/debug/main.o
HAL_PWREx_EnableVddUSB                            build/debug/stm32l4xx_hal_pwr_ex.o
                                                  build/debug/stm32l4xx_hal_msp.o
HAL_PWREx_EnterSHUTDOWNMode                       build/debug/stm32l4xx_hal_pwr_ex.o
HAL_PWREx_EnterSTOP0Mode                          build/debug/stm32l4xx_hal_pwr_ex.o
                                                  build/debug/stm32l4xx_hal_pwr.o
HAL_PWREx_EnterSTOP1Mode                          build/debug/stm32l4xx_hal_pwr_ex.o
                                                  build/debug/stm32l4xx_hal_pwr.o
HAL_PWREx_EnterSTOP2Mode                          build/debug/stm32l4xx_hal_pwr_ex.o
HAL_PWREx_GetVoltageRange                         build/debug/stm32l4xx_hal_pwr_ex.o
                                                  build/debug/stm32l4xx_hal_rcc.o
                                                  build/debug/stm32l4xx_hal_flash_ex.o
HAL_PWREx_PVD_PVM_IRQHandler                      build/debug/stm32l4xx_hal_pwr_ex.o
HAL_PWREx_PVM1Callback                            build/debug/stm32l4xx_hal_pwr_ex.o
HAL_PWREx_PVM2Callback                            build/debug/stm32l4xx_hal_pwr_ex.o
HAL_PWREx_PVM3Callback                            build/debug/stm32l4xx_hal_pwr_ex.o
HAL_PWREx_PVM4Callback                            build/debug/stm32l4xx_hal_pwr_ex.o
HAL_PWREx_SetSRAM2ContentRetention                build/debug/stm32l4xx_hal_pwr_ex.o
HAL_PWR_ConfigPVD                                 build/debug/stm32l4xx_hal_pwr.o
HAL_PWR_DeInit                                    build/debug/stm32l4xx_hal_pwr.o
HAL_PWR_DisableBkUpAccess                         build/debug/stm32l4xx_hal_pwr.o
                                                  build/debug/stm32l4xx_hal_rcc_ex.o
HAL_PWR_DisablePVD                                build/debug/stm32l4xx_hal_pwr.o
HAL_PWR_DisableSEVOnPend                          build/debug/stm32l4xx_hal_pwr.o
HAL_PWR_DisableSleepOnExit                        build/debug/stm32l4xx_hal_pwr.o
HAL_PWR_DisableWakeUpPin                          build/debug/stm32l4xx_hal_pwr.o
HAL_PWR_EnableBkUpAccess                          build/debug/stm32l4xx_hal_pwr.o
                                                  build/debug/stm32l4xx_hal_rcc_ex.o
HAL_PWR_EnablePVD                                 build/debug/stm32l4xx_hal_pwr.o
HAL_PWR_EnableSEVOnPend                           build/debug/stm32l4xx_hal_pwr.o
HAL_PWR_EnableSleepOnExit                         build/debug/stm32l4xx_hal_pwr.o
HAL_PWR_EnableWakeUpPin                           build/debug/stm32l4xx_hal_pwr.o
HAL_PWR_EnterSLEEPMode                            build/debug/stm32l4xx_hal_pwr.o
HAL_PWR_EnterSTANDBYMode                          build/debug/stm32l4xx_hal_pwr.o
HAL_PWR_EnterSTOPMode                             build/debug/stm32l4xx_hal_pwr.o
HAL_PWR_PVDCallback                               build/debug/stm32l4xx_hal_pwr.o
                                                  build/debug/stm32l4xx_hal_pwr_ex.o
HAL_RCCEx_CRSConfig                               build/debug/stm32l4xx_hal_rcc_ex.o
HAL_RCCEx_CRSGetSynchronizationInfo               build/debug/stm32l4xx_hal_rcc_ex.o
HAL_RCCEx_CRSSoftwareSynchronizationGenerate      build/debug/stm32l4xx_hal_rcc_ex.o
HAL_RCCEx_CRSWaitSynchronization                  build/debug/stm32l4xx_hal_rcc_ex.o
HAL_RCCEx_CRS_ErrorCallback                       build/debug/stm32l4xx_hal_rcc_ex.o
HAL_RCCEx_CRS_ExpectedSyncCallback                build/debug/stm32l4xx_hal_rcc_ex.o
HAL_RCCEx_CRS_IRQHandler                          build/debug/stm32l4xx_hal_rcc_ex.o
HAL_RCCEx_CRS_SyncOkCallback                      build/debug/stm32l4xx_hal_rcc_ex.o
HAL_RCCEx_CRS_SyncWarnCallback                    build/debug/stm32l4xx_hal_rcc_ex.o
HAL_RCCEx_DisableLSCO                             build/debug/stm32l4xx_hal_rcc_ex.o
HAL_RCCEx_DisableLSECSS                           build/debug/stm32l4xx_hal_rcc_ex.o
HAL_RCCEx_DisableMSIPLLMode                       build/debug/stm32l4xx_hal_rcc_ex.o
HAL_RCCEx_DisablePLLSAI1                          build/debug/stm32l4xx_hal_rcc_ex.o
HAL_RCCEx_DisablePLLSAI2                          build/debug/stm32l4xx_hal_rcc_ex.o
HAL_RCCEx_EnableLSCO                              build/debug/stm32l4xx_hal_rcc_ex.o
HAL_RCCEx_EnableLSECSS                            build/debug/stm32l4xx_hal_rcc_ex.o
HAL_RCCEx_EnableLSECSS_IT                         build/debug/stm32l4xx_hal_rcc_ex.o
HAL_RCCEx_EnableMSIPLLMode                        build/debug/stm32l4xx_hal_rcc_ex.o
HAL_RCCEx_EnablePLLSAI1                           build/debug/stm32l4xx_hal_rcc_ex.o
HAL_RCCEx_EnablePLLSAI2                           build/debug/stm32l4xx_hal_rcc_ex.o
HAL_RCCEx_GetPeriphCLKConfig                      build/debug/stm32l4xx_hal_rcc_ex.o
HAL_RCCEx_GetPeriphCLKFreq                        build/debug/stm32l4xx_hal_rcc_ex.o
HAL_RCCEx_LSECSS_Callback                         build/debug/stm32l4xx_hal_rcc_ex.o
HAL_RCCEx_LSECSS_IRQHandler                       build/debug/stm32l4xx_hal_rcc_ex.o
HAL_RCCEx_OCTOSPIDelayConfig                      build/debug/stm32l4xx_hal_rcc_ex.o
HAL_RCCEx_PeriphCLKConfig                         build/debug/stm32l4xx_hal_rcc_ex.o
                                                  build/debug/stm32l4xx_hal_msp.o
HAL_RCCEx_StandbyMSIRangeConfig                   build/debug/stm32l4xx_hal_rcc_ex.o
HAL_RCCEx_WakeUpStopCLKConfig                     build/debug/stm32l4xx_hal_rcc_ex.o
HAL_RCC_CSSCallback                               build/debug/stm32l4xx_hal_rcc.o
HAL_RCC_ClockConfig                               build/debug/stm32l4xx_hal_rcc.o
                                                  build/debug/main.o
HAL_RCC_DeInit                                    build/debug/stm32l4xx_hal_rcc.o
HAL_RCC_EnableCSS                                 build/debug/stm32l4xx_hal_rcc.o
HAL_RCC_GetClockConfig                            build/debug/stm32l4xx_hal_rcc.o
HAL_RCC_GetHCLKFreq                               build/debug/stm32l4xx_hal_rcc.o
                                                  build/debug/stm32l4xx_hal_pcd.o
HAL_RCC_GetOscConfig                              build/debug/stm32l4xx_hal_rcc.o
HAL_RCC_GetPCLK1Freq                              build/debug/stm32l4xx_hal_rcc.o
                                                  build/debug/stm32l4xx_hal_uart.o
                                                  build/debug/stm32l4xx_hal_rcc_ex.o
HAL_RCC_GetPCLK2Freq                              build/debug/stm32l4xx_hal_rcc.o
                                                  build/debug/stm32l4xx_hal_uart.o
                                                  build/debug/stm32l4xx_hal_rcc_ex.o
HAL_RCC_GetResetSource                            build/debug/stm32l4xx_hal_rcc.o
HAL_RCC_GetSysClockFreq                           build/debug/stm32l4xx_hal_rcc.o
                                                  build/debug/stm32l4xx_hal_uart.o
                                                  build/debug/stm32l4xx_hal_rcc_ex.o
HAL_RCC_MCOConfig                                 build/debug/stm32l4xx_hal_rcc.o
HAL_RCC_NMI_IRQHandler                            build/debug/stm32l4xx_hal_rcc.o
HAL_RCC_OscConfig                                 build/debug/stm32l4xx_hal_rcc.o
                                                  build/debug/main.o
HAL_RS485Ex_Init                                  build/debug/stm32l4xx_hal_uart_ex.o
HAL_ResumeTick                                    build/debug/stm32l4xx_hal.o
HAL_SYSCFG_DisableIOAnalogSwitchBooster           build/debug/stm32l4xx_hal.o
HAL_SYSCFG_DisableMemorySwappingBank              build/debug/stm32l4xx_hal.o
HAL_SYSCFG_DisableVREFBUF                         build/debug/stm32l4xx_hal.o
HAL_SYSCFG_EnableIOAnalogSwitchBooster            build/debug/stm32l4xx_hal.o
HAL_SYSCFG_EnableMemorySwappingBank               build/debug/stm32l4xx_hal.o
HAL_SYSCFG_EnableVREFBUF                          build/debug/stm32l4xx_hal.o
HAL_SYSCFG_SRAM2Erase                             build/debug/stm32l4xx_hal.o
HAL_SYSCFG_VREFBUF_HighImpedanceConfig            build/debug/stm32l4xx_hal.o
HAL_SYSCFG_VREFBUF_TrimmingConfig                 build/debug/stm32l4xx_hal.o
HAL_SYSCFG_VREFBUF_VoltageScalingConfig           build/debug/stm32l4xx_hal.o
HAL_SYSTICK_CLKSourceConfig                       build/debug/stm32l4xx_hal_cortex.o
HAL_SYSTICK_Callback                              build/debug/stm32l4xx_hal_cortex.o
HAL_SYSTICK_Config                                build/debug/stm32l4xx_hal_cortex.o
                                                  build/debug/stm32l4xx_hal.o
HAL_SYSTICK_IRQHandler                            build/debug/stm32l4xx_hal_cortex.o
HAL_SetTickFreq                                   build/debug/stm32l4xx_hal.o
HAL_SuspendTick                                   build/debug/stm32l4xx_hal.o
HAL_UARTEx_DisableFifoMode                        build/debug/stm32l4xx_hal_uart_ex.o
                                                  build/debug/main.o
HAL_UARTEx_DisableStopMode                        build/debug/stm32l4xx_hal_uart_ex.o
HAL_UARTEx_EnableFifoMode                         build/debug/stm32l4xx_hal_uart_ex.o
HAL_UARTEx_EnableStopMode                         build/debug/stm32l4xx_hal_uart_ex.o
HAL_UARTEx_GetRxEventType                         build/debug/stm32l4xx_hal_uart_ex.o
HAL_UARTEx_ReceiveToIdle                          build/debug/stm32l4xx_hal_uart_ex.o
HAL_UARTEx_ReceiveToIdle_DMA                      build/debug/stm32l4xx_hal_uart_ex.o
HAL_UARTEx_ReceiveToIdle_IT                       build/debug/stm32l4xx_hal_uart_ex.o
HAL_UARTEx_RxEventCallback                        build/debug/stm32l4xx_hal_uart.o
HAL_UARTEx_RxFifoFullCallback                     build/debug/stm32l4xx_hal_uart_ex.o
                                                  build/debug/stm32l4xx_hal_uart.o
HAL_UARTEx_SetRxFifoThreshold                     build/debug/stm32l4xx_hal_uart_ex.o
                                                  build/debug/main.o
HAL_UARTEx_SetTxFifoThreshold                     build/debug/stm32l4xx_hal_uart_ex.o
                                                  build/debug/main.o
HAL_UARTEx_StopModeWakeUpSourceConfig             build/debug/stm32l4xx_hal_uart_ex.o
HAL_UARTEx_TxFifoEmptyCallback                    build/debug/stm32l4xx_hal_uart_ex.o
                                                  build/debug/stm32l4xx_hal_uart.o
HAL_UARTEx_WakeupCallback                         build/debug/stm32l4xx_hal_uart_ex.o
                                                  build/debug/stm32l4xx_hal_uart.o
HAL_UART_Abort                                    build/debug/stm32l4xx_hal_uart.o
HAL_UART_AbortCpltCallback                        build/debug/stm32l4xx_hal_uart.o
HAL_UART_AbortReceive                             build/debug/stm32l4xx_hal_uart.o
HAL_UART_AbortReceiveCpltCallback                 build/debug/stm32l4xx_hal_uart.o
HAL_UART_AbortReceive_IT                          build/debug/stm32l4xx_hal_uart.o
HAL_UART_AbortTransmit                            build/debug/stm32l4xx_hal_uart.o
HAL_UART_AbortTransmitCpltCallback                build/debug/stm32l4xx_hal_uart.o
HAL_UART_AbortTransmit_IT                         build/debug/stm32l4xx_hal_uart.o
HAL_UART_Abort_IT                                 build/debug/stm32l4xx_hal_uart.o
HAL_UART_DMAPause                                 build/debug/stm32l4xx_hal_uart.o
HAL_UART_DMAResume                                build/debug/stm32l4xx_hal_uart.o
HAL_UART_DMAStop                                  build/debug/stm32l4xx_hal_uart.o
HAL_UART_DeInit                                   build/debug/stm32l4xx_hal_uart.o
HAL_UART_DisableReceiverTimeout                   build/debug/stm32l4xx_hal_uart.o
HAL_UART_EnableReceiverTimeout                    build/debug/stm32l4xx_hal_uart.o
HAL_UART_ErrorCallback                            build/debug/stm32l4xx_hal_uart.o
HAL_UART_GetError                                 build/debug/stm32l4xx_hal_uart.o
HAL_UART_GetState                                 build/debug/stm32l4xx_hal_uart.o
HAL_UART_IRQHandler                               build/debug/stm32l4xx_hal_uart.o
HAL_UART_Init                                     build/debug/stm32l4xx_hal_uart.o
                                                  build/debug/main.o
HAL_UART_MspDeInit                                build/debug/stm32l4xx_hal_msp.o
HAL_UART_MspInit                                  build/debug/stm32l4xx_hal_msp.o
                                                  build/debug/stm32l4xx_hal_uart_ex.o
HAL_UART_Receive                                  build/debug/stm32l4xx_hal_uart.o
HAL_UART_Receive_DMA                              build/debug/stm32l4xx_hal_uart.o
HAL_UART_Receive_IT                               build/debug/stm32l4xx_hal_uart.o
HAL_UART_ReceiverTimeout_Config                   build/debug/stm32l4xx_hal_uart.o
HAL_UART_RxCpltCallback                           build/debug/stm32l4xx_hal_uart.o
HAL_UART_RxHalfCpltCallback                       build/debug/stm32l4xx_hal_uart.o
HAL_UART_Transmit                                 build/debug/stm32l4xx_hal_uart.o
                                                  build/debug/main.o
HAL_UART_Transmit_DMA                             build/debug/stm32l4xx_hal_uart.o
HAL_UART_Transmit_IT                              build/debug/stm32l4xx_hal_uart.o
HAL_UART_TxCpltCallback                           build/debug/stm32l4xx_hal_uart.o
HAL_UART_TxHalfCpltCallback                       build/debug/stm32l4xx_hal_uart.o
HardFault_Handler                                 build/debug/stm32l4xx_it.o
I2C1_ER_IRQHandler                                build/debug/startup_stm32l4r5xx.o
I2C1_EV_IRQHandler                                build/debug/startup_stm32l4r5xx.o
I2C2_ER_IRQHandler                                build/debug/startup_stm32l4r5xx.o
I2C2_EV_IRQHandler                                build/debug/startup_stm32l4r5xx.o
I2C3_ER_IRQHandler                                build/debug/startup_stm32l4r5xx.o
I2C3_EV_IRQHandler                                build/debug/startup_stm32l4r5xx.o
I2C4_ER_IRQHandler                                build/debug/startup_stm32l4r5xx.o
I2C4_EV_IRQHandler                                build/debug/startup_stm32l4r5xx.o
LPTIM1_IRQHandler                                 build/debug/startup_stm32l4r5xx.o
LPTIM2_IRQHandler                                 build/debug/startup_stm32l4r5xx.o
LPUART1_IRQHandler                                build/debug/startup_stm32l4r5xx.o
LTDC_ER_IRQHandler                                build/debug/startup_stm32l4r5xx.o
LTDC_IRQHandler                                   build/debug/startup_stm32l4r5xx.o
MSIRangeTable                                     build/debug/system_stm32l4xx.o
                                                  build/debug/stm32l4xx_hal_rcc_ex.o
                                                  build/debug/stm32l4xx_hal_rcc.o
MemManage_Handler                                 build/debug/stm32l4xx_it.o
NMI_Handler                                       build/debug/stm32l4xx_it.o
OCTOSPI1_IRQHandler                               build/debug/startup_stm32l4r5xx.o
OCTOSPI2_IRQHandler                               build/debug/startup_stm32l4r5xx.o
OTG_FS_IRQHandler                                 build/debug/startup_stm32l4r5xx.o
PVD_PVM_IRQHandler                                build/debug/startup_stm32l4r5xx.o
PendSV_Handler                                    build/debug/stm32l4xx_it.o
RCC_IRQHandler                                    build/debug/startup_stm32l4r5xx.o
RNG_IRQHandler                                    build/debug/startup_stm32l4r5xx.o
RTC_Alarm_IRQHandler                              build/debug/startup_stm32l4r5xx.o
RTC_WKUP_IRQHandler                               build/debug/startup_stm32l4r5xx.o
Reset_Handler                                     build/debug/startup_stm32l4r5xx.o
SAI1_IRQHandler                                   build/debug/startup_stm32l4r5xx.o
SAI2_IRQHandler                                   build/debug/startup_stm32l4r5xx.o
SDMMC1_IRQHandler                                 build/debug/startup_stm32l4r5xx.o
SPI1_IRQHandler                                   build/debug/startup_stm32l4r5xx.o
SPI2_IRQHandler                                   build/debug/startup_stm32l4r5xx.o
SPI3_IRQHandler                                   build/debug/startup_stm32l4r5xx.o
SVC_Handler                                       build/debug/stm32l4xx_it.o
SysTick_Handler                                   build/debug/stm32l4xx_it.o
SystemClock_Config                                build/debug/main.o
SystemCoreClock                                   build/debug/system_stm32l4xx.o
                                                  build/debug/stm32l4xx_hal_rcc.o
                                                  build/debug/stm32l4xx_hal_pwr_ex.o
                                                  build/debug/stm32l4xx_hal_flash_ramfunc.o
                                                  build/debug/stm32l4xx_hal.o
SystemCoreClockUpdate                             build/debug/system_stm32l4xx.o
SystemInit                                        build/debug/system_stm32l4xx.o
                                                  build/debug/startup_stm32l4r5xx.o
TAMP_STAMP_IRQHandler                             build/debug/startup_stm32l4r5xx.o
TIM1_BRK_TIM15_IRQHandler                         build/debug/startup_stm32l4r5xx.o
TIM1_CC_IRQHandler                                build/debug/startup_stm32l4r5xx.o
TIM1_TRG_COM_TIM17_IRQHandler                     build/debug/startup_stm32l4r5xx.o
TIM1_UP_TIM16_IRQHandler                          build/debug/startup_stm32l4r5xx.o
TIM2_IRQHandler                                   build/debug/startup_stm32l4r5xx.o
TIM3_IRQHandler                                   build/debug/startup_stm32l4r5xx.o
TIM4_IRQHandler                                   build/debug/startup_stm32l4r5xx.o
TIM5_IRQHandler                                   build/debug/startup_stm32l4r5xx.o
TIM6_DAC_IRQHandler                               build/debug/startup_stm32l4r5xx.o
TIM7_IRQHandler                                   build/debug/startup_stm32l4r5xx.o
TIM8_BRK_IRQHandler                               build/debug/startup_stm32l4r5xx.o
TIM8_CC_IRQHandler                                build/debug/startup_stm32l4r5xx.o
TIM8_TRG_COM_IRQHandler                           build/debug/startup_stm32l4r5xx.o
TIM8_UP_IRQHandler                                build/debug/startup_stm32l4r5xx.o
TSC_IRQHandler                                    build/debug/startup_stm32l4r5xx.o
UART4_IRQHandler                                  build/debug/startup_stm32l4r5xx.o
UART5_IRQHandler                                  build/debug/startup_stm32l4r5xx.o
UARTPrescTable                                    build/debug/stm32l4xx_hal_uart.o
UART_AdvFeatureConfig                             build/debug/stm32l4xx_hal_uart.o
                                                  build/debug/stm32l4xx_hal_uart_ex.o
UART_CheckIdleState                               build/debug/stm32l4xx_hal_uart.o
                                                  build/debug/stm32l4xx_hal_uart_ex.o
UART_SetConfig                                    build/debug/stm32l4xx_hal_uart.o
                                                  build/debug/stm32l4xx_hal_uart_ex.o
UART_Start_Receive_DMA                            build/debug/stm32l4xx_hal_uart.o
                                                  build/debug/stm32l4xx_hal_uart_ex.o
UART_Start_Receive_IT                             build/debug/stm32l4xx_hal_uart.o
                                                  build/debug/stm32l4xx_hal_uart_ex.o
UART_WaitOnFlagUntilTimeout                       build/debug/stm32l4xx_hal_uart.o
                                                  build/debug/stm32l4xx_hal_uart_ex.o
USART1_IRQHandler                                 build/debug/startup_stm32l4r5xx.o
USART2_IRQHandler                                 build/debug/startup_stm32l4r5xx.o
USART3_IRQHandler                                 build/debug/startup_stm32l4r5xx.o
USB_ActivateDedicatedEndpoint                     build/debug/stm32l4xx_ll_usb.o
USB_ActivateEndpoint                              build/debug/stm32l4xx_ll_usb.o
                                                  build/debug/stm32l4xx_hal_pcd.o
USB_ActivateRemoteWakeup                          build/debug/stm32l4xx_ll_usb.o
                                                  build/debug/stm32l4xx_hal_pcd.o
USB_ActivateSetup                                 build/debug/stm32l4xx_ll_usb.o
                                                  build/debug/stm32l4xx_hal_pcd.o
USB_ClearInterrupts                               build/debug/stm32l4xx_ll_usb.o
USB_CoreInit                                      build/debug/stm32l4xx_ll_usb.o
                                                  build/debug/stm32l4xx_hal_pcd.o
USB_DeActivateRemoteWakeup                        build/debug/stm32l4xx_ll_usb.o
                                                  build/debug/stm32l4xx_hal_pcd.o
USB_DeactivateDedicatedEndpoint                   build/debug/stm32l4xx_ll_usb.o
USB_DeactivateEndpoint                            build/debug/stm32l4xx_ll_usb.o
                                                  build/debug/stm32l4xx_hal_pcd.o
USB_DevConnect                                    build/debug/stm32l4xx_ll_usb.o
                                                  build/debug/stm32l4xx_hal_pcd.o
USB_DevDisconnect                                 build/debug/stm32l4xx_ll_usb.o
                                                  build/debug/stm32l4xx_hal_pcd.o
USB_DevInit                                       build/debug/stm32l4xx_ll_usb.o
                                                  build/debug/stm32l4xx_hal_pcd.o
USB_DisableGlobalInt                              build/debug/stm32l4xx_ll_usb.o
                                                  build/debug/stm32l4xx_hal_pcd.o
USB_DoPing                                        build/debug/stm32l4xx_ll_usb.o
USB_DriveVbus                                     build/debug/stm32l4xx_ll_usb.o
USB_EP0_OutStart                                  build/debug/stm32l4xx_ll_usb.o
                                                  build/debug/stm32l4xx_hal_pcd.o
USB_EPClearStall                                  build/debug/stm32l4xx_ll_usb.o
                                                  build/debug/stm32l4xx_hal_pcd.o
USB_EPSetStall                                    build/debug/stm32l4xx_ll_usb.o
                                                  build/debug/stm32l4xx_hal_pcd.o
USB_EPStartXfer                                   build/debug/stm32l4xx_ll_usb.o
                                                  build/debug/stm32l4xx_hal_pcd.o
USB_EPStopXfer                                    build/debug/stm32l4xx_ll_usb.o
                                                  build/debug/stm32l4xx_hal_pcd.o
USB_EnableGlobalInt                               build/debug/stm32l4xx_ll_usb.o
                                                  build/debug/stm32l4xx_hal_pcd.o
USB_FlushRxFifo                                   build/debug/stm32l4xx_ll_usb.o
                                                  build/debug/stm32l4xx_hal_pcd.o
USB_FlushTxFifo                                   build/debug/stm32l4xx_ll_usb.o
                                                  build/debug/stm32l4xx_hal_pcd.o
USB_GetCurrentFrame                               build/debug/stm32l4xx_ll_usb.o
USB_GetDevSpeed                                   build/debug/stm32l4xx_ll_usb.o
                                                  build/debug/stm32l4xx_hal_pcd.o
USB_GetHostSpeed                                  build/debug/stm32l4xx_ll_usb.o
USB_GetMode                                       build/debug/stm32l4xx_ll_usb.o
                                                  build/debug/stm32l4xx_hal_pcd.o
USB_HC_Halt                                       build/debug/stm32l4xx_ll_usb.o
USB_HC_Init                                       build/debug/stm32l4xx_ll_usb.o
USB_HC_ReadInterrupt                              build/debug/stm32l4xx_ll_usb.o
USB_HC_StartXfer                                  build/debug/stm32l4xx_ll_usb.o
USB_HostInit                                      build/debug/stm32l4xx_ll_usb.o
USB_InitFSLSPClkSel                               build/debug/stm32l4xx_ll_usb.o
USB_ReadChInterrupts                              build/debug/stm32l4xx_ll_usb.o
USB_ReadDevAllInEpInterrupt                       build/debug/stm32l4xx_ll_usb.o
                                                  build/debug/stm32l4xx_hal_pcd.o
USB_ReadDevAllOutEpInterrupt                      build/debug/stm32l4xx_ll_usb.o
                                                  build/debug/stm32l4xx_hal_pcd.o
USB_ReadDevInEPInterrupt                          build/debug/stm32l4xx_ll_usb.o
                                                  build/debug/stm32l4xx_hal_pcd.o